Archive member included to satisfy reference by file (symbol)

/usr/lib/gcc/arm-none-eabi/10.3.1/thumb/v6-m/nofp/libgcc.a(_dvmd_tls.o)
                              CMakeFiles/pico_env_monitor.dir/home/teranishi-yu/pico-sdk/src/rp2_common/pico_divider/divider_hardware.S.o (__aeabi_idiv0)
/usr/lib/gcc/arm-none-eabi/10.3.1/../../../arm-none-eabi/lib/thumb/v6-m/nofp/libg.a(lib_a-atexit.o)
                              /usr/lib/gcc/arm-none-eabi/10.3.1/../../../arm-none-eabi/lib/thumb/v6-m/nofp/crt0.o (atexit)
/usr/lib/gcc/arm-none-eabi/10.3.1/../../../arm-none-eabi/lib/thumb/v6-m/nofp/libg.a(lib_a-atoi.o)
                              CMakeFiles/pico_env_monitor.dir/home/teranishi-yu/pico-sdk/lib/lwip/src/core/netif.c.o (atoi)
/usr/lib/gcc/arm-none-eabi/10.3.1/../../../arm-none-eabi/lib/thumb/v6-m/nofp/libg.a(lib_a-calloc.o)
                              CMakeFiles/pico_env_monitor.dir/home/teranishi-yu/pico-sdk/src/rp2_common/pico_malloc/malloc.c.o (calloc)
/usr/lib/gcc/arm-none-eabi/10.3.1/../../../arm-none-eabi/lib/thumb/v6-m/nofp/libg.a(lib_a-callocr.o)
                              /usr/lib/gcc/arm-none-eabi/10.3.1/../../../arm-none-eabi/lib/thumb/v6-m/nofp/libg.a(lib_a-calloc.o) (_calloc_r)
/usr/lib/gcc/arm-none-eabi/10.3.1/../../../arm-none-eabi/lib/thumb/v6-m/nofp/libg.a(lib_a-ctype_.o)
                              CMakeFiles/pico_env_monitor.dir/home/teranishi-yu/pico-sdk/lib/lwip/src/core/ipv4/ip4_addr.c.o (_ctype_)
/usr/lib/gcc/arm-none-eabi/10.3.1/../../../arm-none-eabi/lib/thumb/v6-m/nofp/libg.a(lib_a-fini.o)
                              /usr/lib/gcc/arm-none-eabi/10.3.1/../../../arm-none-eabi/lib/thumb/v6-m/nofp/crt0.o (__libc_fini_array)
/usr/lib/gcc/arm-none-eabi/10.3.1/../../../arm-none-eabi/lib/thumb/v6-m/nofp/libg.a(lib_a-impure.o)
                              /usr/lib/gcc/arm-none-eabi/10.3.1/../../../arm-none-eabi/lib/thumb/v6-m/nofp/libg.a(lib_a-calloc.o) (_impure_ptr)
/usr/lib/gcc/arm-none-eabi/10.3.1/../../../arm-none-eabi/lib/thumb/v6-m/nofp/libg.a(lib_a-init.o)
                              /usr/lib/gcc/arm-none-eabi/10.3.1/../../../arm-none-eabi/lib/thumb/v6-m/nofp/crt0.o (__libc_init_array)
/usr/lib/gcc/arm-none-eabi/10.3.1/../../../arm-none-eabi/lib/thumb/v6-m/nofp/libg.a(lib_a-lcltime_r.o)
                              CMakeFiles/pico_env_monitor.dir/home/teranishi-yu/pico-sdk/src/common/pico_util/datetime.c.o (localtime_r)
/usr/lib/gcc/arm-none-eabi/10.3.1/../../../arm-none-eabi/lib/thumb/v6-m/nofp/libg.a(lib_a-malloc.o)
                              CMakeFiles/pico_env_monitor.dir/home/teranishi-yu/pico-sdk/src/rp2_common/pico_malloc/malloc.c.o (malloc)
/usr/lib/gcc/arm-none-eabi/10.3.1/../../../arm-none-eabi/lib/thumb/v6-m/nofp/libg.a(lib_a-mallocr.o)
                              /usr/lib/gcc/arm-none-eabi/10.3.1/../../../arm-none-eabi/lib/thumb/v6-m/nofp/libg.a(lib_a-callocr.o) (_malloc_r)
/usr/lib/gcc/arm-none-eabi/10.3.1/../../../arm-none-eabi/lib/thumb/v6-m/nofp/libg.a(lib_a-memcmp.o)
                              CMakeFiles/pico_env_monitor.dir/home/teranishi-yu/pico-sdk/src/rp2_common/pico_atomic/atomic.c.o (memcmp)
/usr/lib/gcc/arm-none-eabi/10.3.1/../../../arm-none-eabi/lib/thumb/v6-m/nofp/libg.a(lib_a-memmove.o)
                              CMakeFiles/pico_env_monitor.dir/home/teranishi-yu/pico-sdk/lib/lwip/src/core/def.c.o (memmove)
/usr/lib/gcc/arm-none-eabi/10.3.1/../../../arm-none-eabi/lib/thumb/v6-m/nofp/libg.a(lib_a-mktime.o)
                              CMakeFiles/pico_env_monitor.dir/home/teranishi-yu/pico-sdk/src/common/pico_util/datetime.c.o (mktime)
/usr/lib/gcc/arm-none-eabi/10.3.1/../../../arm-none-eabi/lib/thumb/v6-m/nofp/libg.a(lib_a-mlock.o)
                              /usr/lib/gcc/arm-none-eabi/10.3.1/../../../arm-none-eabi/lib/thumb/v6-m/nofp/libg.a(lib_a-mallocr.o) (__malloc_lock)
/usr/lib/gcc/arm-none-eabi/10.3.1/../../../arm-none-eabi/lib/thumb/v6-m/nofp/libg.a(lib_a-month_lengths.o)
                              /usr/lib/gcc/arm-none-eabi/10.3.1/../../../arm-none-eabi/lib/thumb/v6-m/nofp/libg.a(lib_a-lcltime_r.o) (__month_lengths)
/usr/lib/gcc/arm-none-eabi/10.3.1/../../../arm-none-eabi/lib/thumb/v6-m/nofp/libg.a(lib_a-realloc.o)
                              CMakeFiles/pico_env_monitor.dir/home/teranishi-yu/pico-sdk/src/rp2_common/pico_malloc/malloc.c.o (realloc)
/usr/lib/gcc/arm-none-eabi/10.3.1/../../../arm-none-eabi/lib/thumb/v6-m/nofp/libg.a(lib_a-reallocr.o)
                              /usr/lib/gcc/arm-none-eabi/10.3.1/../../../arm-none-eabi/lib/thumb/v6-m/nofp/libg.a(lib_a-realloc.o) (_realloc_r)
/usr/lib/gcc/arm-none-eabi/10.3.1/../../../arm-none-eabi/lib/thumb/v6-m/nofp/libg.a(lib_a-sbrkr.o)
                              /usr/lib/gcc/arm-none-eabi/10.3.1/../../../arm-none-eabi/lib/thumb/v6-m/nofp/libg.a(lib_a-mallocr.o) (_sbrk_r)
/usr/lib/gcc/arm-none-eabi/10.3.1/../../../arm-none-eabi/lib/thumb/v6-m/nofp/libg.a(lib_a-strlen-stub.o)
[...]
Memory Configuration

Name             Origin             Length             Attributes
FLASH            0x0000000010000000 0x0000000000200000 xr
RAM              0x0000000020000000 0x0000000000040000 xrw
SCRATCH_X        0x0000000020040000 0x0000000000001000 xrw
SCRATCH_Y        0x0000000020041000 0x0000000000001000 xrw
*default*        0x0000000000000000 0xffffffffffffffff

Linker script and memory map

LOAD /usr/lib/gcc/arm-none-eabi/10.3.1/thumb/v6-m/nofp/crti.o
LOAD /usr/lib/gcc/arm-none-eabi/10.3.1/thumb/v6-m/nofp/crtbegin.o
LOAD /usr/lib/gcc/arm-none-eabi/10.3.1/../../../arm-none-eabi/lib/thumb/v6-m/nofp/crt0.o

.flash_begin    0x0000000010000000        0x0
                0x0000000010000000                __flash_binary_start = .

.boot2          0x0000000010000000      0x100
                0x0000000010000000                __boot2_start__ = .
 *(.boot2)
 .boot2         0x0000000010000000      0x100 pico-sdk/src/rp2040/boot_stage2/CMakeFiles/bs2_default_library.dir/bs2_default_padded_checksummed.S.o
                0x0000000010000100                __boot2_end__ = .
                0x0000000000000001                ASSERT (((__boot2_end__ - __boot2_start__) == 0x100), ERROR: Pico second stage bootloader must be 256 bytes in size)

.text           0x0000000010000100    0x1a27c
                0x0000000010000100                __logical_binary_start = .
 *(.vectors)
 .vectors       0x0000000010000100       0xd4 CMakeFiles/pico_env_monitor.dir/home/teranishi-yu/pico-sdk/src/rp2_common/pico_crt0/crt0.S.o
                0x0000000010000100                __vectors
                0x0000000010000100                __VECTOR_TABLE
                0x00000000100001c0                isr_irq30
                0x00000000100001c0                __unhandled_user_irq
                0x00000000100001c0                isr_irq13
                0x00000000100001c0                isr_irq27
                0x00000000100001c0                isr_irq31
                0x00000000100001c0                isr_irq5
                0x00000000100001c0                isr_irq11
                0x00000000100001c0                isr_irq23
                0x00000000100001c0                isr_irq18
                0x00000000100001c0                isr_irq28
                0x00000000100001c0                isr_irq19
                0x00000000100001c0                isr_irq0
                0x00000000100001c0                isr_irq6
                0x00000000100001c0                isr_irq22
                0x00000000100001c0                isr_irq17
                0x00000000100001c0                isr_irq14
                0x00000000100001c0                __vectors_end
                0x00000000100001c0                __default_isrs_start
                0x00000000100001c0                isr_irq2
                0x00000000100001c0                isr_irq10
                0x00000000100001c0                isr_irq8
                0x00000000100001c0                isr_irq24
                0x00000000100001c0                isr_irq1
                0x00000000100001c0                isr_irq7
                0x00000000100001c0                isr_irq21
                0x00000000100001c0                isr_irq20
                0x00000000100001c0                isr_irq15
                0x00000000100001c0                isr_irq25
                0x00000000100001c0                isr_irq4
                0x00000000100001c0                isr_irq16
                0x00000000100001c0                isr_irq29
                0x00000000100001c0                isr_irq26
                0x00000000100001c0                isr_irq3
                0x00000000100001c0                isr_irq12
                0x00000000100001c0                isr_irq9
                0x00000000100001c6                unhandled_user_irq_num_in_r0
                0x00000000100001c8                isr_invalid
                0x00000000100001ca                isr_nmi
                0x00000000100001cc                isr_hardfault
                0x00000000100001ce                isr_svcall
                0x00000000100001d0                isr_pendsv
                0x00000000100001d2                isr_systick
                0x00000000100001d4                __default_isrs_end
 *(.binary_info_header)
 .binary_info_header
                0x00000000100001d4       0x14 CMakeFiles/pico_env_monitor.dir/home/teranishi-yu/pico-sdk/src/rp2_common/pico_crt0/crt0.S.o
                0x00000000100001e8                __binary_info_header_end = .
 *(.embedded_block)
                0x00000000100001e8                __embedded_block_end = .
 *(.reset)
 .reset         0x00000000100001e8       0x9c CMakeFiles/pico_env_monitor.dir/home/teranishi-yu/pico-sdk/src/rp2_common/pico_crt0/crt0.S.o
                0x00000000100001e8                _entry_point
 *(.init)
 .init          0x0000000010000284        0x4 /usr/lib/gcc/arm-none-eabi/10.3.1/thumb/v6-m/nofp/crti.o
                0x0000000010000284                _init
 *(EXCLUDE_FILE(*libm.a: *libc.a:*lib_a-mem*.o *libgcc.a:) .text*)
 .text          0x0000000010000288       0x98 /usr/lib/gcc/arm-none-eabi/10.3.1/thumb/v6-m/nofp/crtbegin.o
 .text.on_timer
                0x0000000010000320       0x68 CMakeFiles/pico_env_monitor.dir/src/main.c.o
 .text.startup.main
                0x0000000010000388       0xa8 CMakeFiles/pico_env_monitor.dir/src/main.c.o
                0x0000000010000388                main
 .text.pio_i2c_init
                0x0000000010000430       0xe0 CMakeFiles/pico_env_monitor.dir/src/pio_i2c.c.o
                0x0000000010000430                pio_i2c_init
 .text.pio_i2c_write_reg
                0x0000000010000510      0x11c CMakeFiles/pico_env_monitor.dir/src/pio_i2c.c.o
                0x0000000010000510                pio_i2c_write_reg
 .text.pio_i2c_read_regs
                0x000000001000062c      0x17c CMakeFiles/pico_env_monitor.dir/src/pio_i2c.c.o
                0x000000001000062c                pio_i2c_read_regs
 .text.bme280_init
                0x00000000100007a8      0x130 CMakeFiles/pico_env_monitor.dir/src/bme280.c.o
                0x00000000100007a8                bme280_init
 .text.bme280_read
                0x00000000100008d8      0x2dc CMakeFiles/pico_env_monitor.dir/src/bme280.c.o
                0x00000000100008d8                bme280_read
 .text.on_accept
                0x0000000010000bb4       0x20 CMakeFiles/pico_env_monitor.dir/src/core1_entry.c.o
 .text.send_http_response.constprop.0
                0x0000000010000bd4       0x70 CMakeFiles/pico_env_monitor.dir/src/core1_entry.c.o
 .text.on_recv  0x0000000010000c44       0x44 CMakeFiles/pico_env_monitor.dir/src/core1_entry.c.o
 .text.core1_entry
                0x0000000010000c88       0xa8 CMakeFiles/pico_env_monitor.dir/src/core1_entry.c.o
                0x0000000010000c88                core1_entry
 .text.gpio_set_function
                0x0000000010000d30       0x34 CMakeFiles/pico_env_monitor.dir/home/teranishi-yu/pico-sdk/src/rp2_common/hardware_gpio/gpio.c.o
                0x0000000010000d30                gpio_set_function
 .text.gpio_set_pulls
                0x0000000010000d64       0x34 CMakeFiles/pico_env_monitor.dir/home/teranishi-yu/pico-sdk/src/rp2_common/hardware_gpio/gpio.c.o
                0x0000000010000d64                gpio_set_pulls
 .text.gpio_set_input_hysteresis_enabled
                0x0000000010000d98       0x28 CMakeFiles/pico_env_monitor.dir/home/teranishi-yu/pico-sdk/src/rp2_common/hardware_gpio/gpio.c.o
                0x0000000010000d98                gpio_set_input_hysteresis_enabled
 .text.gpio_set_irq_enabled
                0x0000000010000dc0       0x58 CMakeFiles/pico_env_monitor.dir/home/teranishi-yu/pico-sdk/src/rp2_common/hardware_gpio/gpio.c.o
                0x0000000010000dc0                gpio_set_irq_enabled
 .text.gpio_add_raw_irq_handler_with_order_priority_masked
                0x0000000010000e18       0x44 CMakeFiles/pico_env_monitor.dir/home/teranishi-yu/pico-sdk/src/rp2_common/hardware_gpio/gpio.c.o
                0x0000000010000e18                gpio_add_raw_irq_handler_with_order_priority_masked
 .text.gpio_remove_raw_irq_handler_masked
                0x0000000010000e5c       0x20 CMakeFiles/pico_env_monitor.dir/home/teranishi-yu/pico-sdk/src/rp2_common/hardware_gpio/gpio.c.o
                0x0000000010000e5c                gpio_remove_raw_irq_handler_masked
 .text.gpio_init
                0x0000000010000e7c       0x40 CMakeFiles/pico_env_monitor.dir/home/teranishi-yu/pico-sdk/src/rp2_common/hardware_gpio/gpio.c.o
                0x0000000010000e7c                gpio_init
 .text.rp2040_chip_version
                0x0000000010000ebc        0xc CMakeFiles/pico_env_monitor.dir/home/teranishi-yu/pico-sdk/src/rp2040/pico_platform/platform.c.o
                0x0000000010000ebc                rp2040_chip_version
 .text.panic    0x0000000010000ec8       0x30 CMakeFiles/pico_env_monitor.dir/home/teranishi-yu/pico-sdk/src/rp2_common/pico_platform_panic/panic.c.o
                0x0000000010000ec8                panic
 .text.hw_claim_lock
                0x0000000010000ef8       0x18 CMakeFiles/pico_env_monitor.dir/home/teranishi-yu/pico-sdk/src/common/hardware_claim/claim.c.o
                0x0000000010000ef8                hw_claim_lock
 .text.hw_claim_unlock
                0x0000000010000f10       0x14 CMakeFiles/pico_env_monitor.dir/home/teranishi-yu/pico-sdk/src/common/hardware_claim/claim.c.o
                0x0000000010000f10                hw_claim_unlock
 .text.hw_claim_or_assert
                0x0000000010000f24       0x44 CMakeFiles/pico_env_monitor.dir/home/teranishi-yu/pico-sdk/src/common/hardware_claim/claim.c.o
                0x0000000010000f24                hw_claim_or_assert
 .text.hw_claim_unused_from_range
                0x0000000010000f68       0x9c CMakeFiles/pico_env_monitor.dir/home/teranishi-yu/pico-sdk/src/common/hardware_claim/claim.c.o
                0x0000000010000f68                hw_claim_unused_from_range
 .text.hw_claim_clear
                0x0000000010001004       0x38 CMakeFiles/pico_env_monitor.dir/home/teranishi-yu/pico-sdk/src/common/hardware_claim/claim.c.o
                0x0000000010001004                hw_claim_clear
 .text.next_striped_spin_lock_num
                0x000000001000103c       0x18 CMakeFiles/pico_env_monitor.dir/home/teranishi-yu/pico-sdk/src/rp2_common/hardware_sync/sync.c.o
                0x000000001000103c                next_striped_spin_lock_num
 .text.spin_lock_claim_unused
                0x0000000010001054       0x20 CMakeFiles/pico_env_monitor.dir/home/teranishi-yu/pico-sdk/src/rp2_common/hardware_sync/sync.c.o
                0x0000000010001054                spin_lock_claim_unused
 .text.spin_locks_reset
                0x0000000010001074       0x1c CMakeFiles/pico_env_monitor.dir/home/teranishi-yu/pico-sdk/src/rp2_common/hardware_sync_spin_lock/sync_spin_lock.c.o
                0x0000000010001074                spin_locks_reset
 .text.runtime_init_per_core_irq_priorities
                0x0000000010001090       0x24 CMakeFiles/pico_env_monitor.dir/home/teranishi-yu/pico-sdk/src/rp2_common/hardware_irq/irq.c.o
                0x0000000010001090                runtime_init_per_core_irq_priorities
 .text.irq_set_enabled
                0x00000000100010b4       0x24 CMakeFiles/pico_env_monitor.dir/home/teranishi-yu/pico-sdk/src/rp2_common/hardware_irq/irq.c.o
                0x00000000100010b4                irq_set_enabled
 .text.irq_is_enabled
                0x00000000100010d8       0x18 CMakeFiles/pico_env_monitor.dir/home/teranishi-yu/pico-sdk/src/rp2_common/hardware_irq/irq.c.o
                0x00000000100010d8                irq_is_enabled
 .text.irq_set_pending
                0x00000000100010f0       0x10 CMakeFiles/pico_env_monitor.dir/home/teranishi-yu/pico-sdk/src/rp2_common/hardware_irq/irq.c.o
                0x00000000100010f0                irq_set_pending
 .text.irq_has_shared_handler
                0x0000000010001100       0x24 CMakeFiles/pico_env_monitor.dir/home/teranishi-yu/pico-sdk/src/rp2_common/hardware_irq/irq.c.o
                0x0000000010001100                irq_has_shared_handler
 .text.irq_set_exclusive_handler
                0x0000000010001124       0x54 CMakeFiles/pico_env_monitor.dir/home/teranishi-yu/pico-sdk/src/rp2_common/hardware_irq/irq.c.o
                0x0000000010001124                irq_set_exclusive_handler
 .text.irq_add_shared_handler
                0x0000000010001178      0x1e8 CMakeFiles/pico_env_monitor.dir/home/teranishi-yu/pico-sdk/src/rp2_common/hardware_irq/irq.c.o
                0x0000000010001178                irq_add_shared_handler
 .text.irq_remove_handler
                0x0000000010001360      0x1c4 CMakeFiles/pico_env_monitor.dir/home/teranishi-yu/pico-sdk/src/rp2_common/hardware_irq/irq.c.o
                0x0000000010001360                irq_remove_handler
 .text.irq_set_priority
                0x0000000010001524       0x28 CMakeFiles/pico_env_monitor.dir/home/teranishi-yu/pico-sdk/src/rp2_common/hardware_irq/irq.c.o
                0x0000000010001524                irq_set_priority
 .text.irq_add_tail_to_free_list
                0x000000001000154c       0xb4 CMakeFiles/pico_env_monitor.dir/home/teranishi-yu/pico-sdk/src/rp2_common/hardware_irq/irq.c.o
                0x000000001000154c                irq_add_tail_to_free_list
 .text.user_irq_unclaim
                0x0000000010001600       0x14 CMakeFiles/pico_env_monitor.dir/home/teranishi-yu/pico-sdk/src/rp2_common/hardware_irq/irq.c.o
                0x0000000010001600                user_irq_unclaim
 .text.user_irq_claim_unused
                0x0000000010001614       0x28 CMakeFiles/pico_env_monitor.dir/home/teranishi-yu/pico-sdk/src/rp2_common/hardware_irq/irq.c.o
                0x0000000010001614                user_irq_claim_unused
 .text.sem_init
                0x000000001000163c       0x20 CMakeFiles/pico_env_monitor.dir/home/teranishi-yu/pico-sdk/src/common/pico_sync/sem.c.o
                0x000000001000163c                sem_init
 .text.lock_init
                0x000000001000165c       0x10 CMakeFiles/pico_env_monitor.dir/home/teranishi-yu/pico-sdk/src/common/pico_sync/lock_core.c.o
                0x000000001000165c                lock_init
 .text.runtime_init_mutex
                0x000000001000166c       0x58 CMakeFiles/pico_env_monitor.dir/home/teranishi-yu/pico-sdk/src/common/pico_sync/mutex.c.o
                0x000000001000166c                runtime_init_mutex
 .text.mutex_init
                0x00000000100016c4       0x1c CMakeFiles/pico_env_monitor.dir/home/teranishi-yu/pico-sdk/src/common/pico_sync/mutex.c.o
                0x00000000100016c4                mutex_init
 .text.recursive_mutex_init
                0x00000000100016e0       0x1c CMakeFiles/pico_env_monitor.dir/home/teranishi-yu/pico-sdk/src/common/pico_sync/mutex.c.o
                0x00000000100016e0                recursive_mutex_init
 .text.critical_section_init
                0x00000000100016fc       0x20 CMakeFiles/pico_env_monitor.dir/home/teranishi-yu/pico-sdk/src/common/pico_sync/critical_section.c.o
                0x00000000100016fc                critical_section_init
 .text.critical_section_init_with_lock_num
                0x000000001000171c       0x14 CMakeFiles/pico_env_monitor.dir/home/teranishi-yu/pico-sdk/src/common/pico_sync/critical_section.c.o
                0x000000001000171c                critical_section_init_with_lock_num
 .text.sleep_until_callback
                0x0000000010001730       0x30 CMakeFiles/pico_env_monitor.dir/home/teranishi-yu/pico-sdk/src/common/pico_time/time.c.o
 .text.alarm_pool_irq_handler
                0x0000000010001760      0x308 CMakeFiles/pico_env_monitor.dir/home/teranishi-yu/pico-sdk/src/common/pico_time/time.c.o
 .text.runtime_init_default_alarm_pool
                0x0000000010001a68       0xdc CMakeFiles/pico_env_monitor.dir/home/teranishi-yu/pico-sdk/src/common/pico_time/time.c.o
                0x0000000010001a68                runtime_init_default_alarm_pool
 .text.alarm_pool_get_default
                0x0000000010001b44        0x8 CMakeFiles/pico_env_monitor.dir/home/teranishi-yu/pico-sdk/src/common/pico_time/time.c.o
                0x0000000010001b44                alarm_pool_get_default
 .text.alarm_pool_create_on_timer_with_unused_hardware_alarm
                0x0000000010001b4c       0xa8 CMakeFiles/pico_env_monitor.dir/home/teranishi-yu/pico-sdk/src/common/pico_time/time.c.o
                0x0000000010001b4c                alarm_pool_create_on_timer_with_unused_hardware_alarm
 .text.alarm_pool_destroy
                0x0000000010001bf4       0x5c CMakeFiles/pico_env_monitor.dir/home/teranishi-yu/pico-sdk/src/common/pico_time/time.c.o
                0x0000000010001bf4                alarm_pool_destroy
 .text.alarm_pool_add_alarm_at
                0x0000000010001c50       0xc8 CMakeFiles/pico_env_monitor.dir/home/teranishi-yu/pico-sdk/src/common/pico_time/time.c.o
                0x0000000010001c50                alarm_pool_add_alarm_at
 .text.alarm_pool_add_alarm_at_force_in_context
                0x0000000010001d18       0xb0 CMakeFiles/pico_env_monitor.dir/home/teranishi-yu/pico-sdk/src/common/pico_time/time.c.o
                0x0000000010001d18                alarm_pool_add_alarm_at_force_in_context
 .text.alarm_pool_cancel_alarm
                0x0000000010001dc8       0x7c CMakeFiles/pico_env_monitor.dir/home/teranishi-yu/pico-sdk/src/common/pico_time/time.c.o
                0x0000000010001dc8                alarm_pool_cancel_alarm
 .text.alarm_pool_core_num
                0x0000000010001e44        0x4 CMakeFiles/pico_env_monitor.dir/home/teranishi-yu/pico-sdk/src/common/pico_time/time.c.o
                0x0000000010001e44                alarm_pool_core_num
 .text.sleep_until
                0x0000000010001e48       0xd0 CMakeFiles/pico_env_monitor.dir/home/teranishi-yu/pico-sdk/src/common/pico_time/time.c.o
                0x0000000010001e48                sleep_until
 .text.sleep_us
                0x0000000010001f18       0x24 CMakeFiles/pico_env_monitor.dir/home/teranishi-yu/pico-sdk/src/common/pico_time/time.c.o
                0x0000000010001f18                sleep_us
 .text.sleep_ms
                0x0000000010001f3c       0x34 CMakeFiles/pico_env_monitor.dir/home/teranishi-yu/pico-sdk/src/common/pico_time/time.c.o
                0x0000000010001f3c                sleep_ms
 .text.best_effort_wfe_or_timeout
                0x0000000010001f70       0xfc CMakeFiles/pico_env_monitor.dir/home/teranishi-yu/pico-sdk/src/common/pico_time/time.c.o
                0x0000000010001f70                best_effort_wfe_or_timeout
 .text.alarm_pool_add_repeating_timer_us
                0x000000001000206c      0x120 CMakeFiles/pico_env_monitor.dir/home/teranishi-yu/pico-sdk/src/common/pico_time/time.c.o
                0x000000001000206c                alarm_pool_add_repeating_timer_us
 .text.alarm_pool_get_default_timer
                0x000000001000218c        0x8 CMakeFiles/pico_env_monitor.dir/home/teranishi-yu/pico-sdk/src/common/pico_time/time.c.o
                0x000000001000218c                alarm_pool_get_default_timer
 .text.timer_hardware_alarm_claim
                0x0000000010002194       0x14 CMakeFiles/pico_env_monitor.dir/home/teranishi-yu/pico-sdk/src/rp2_common/hardware_timer/timer.c.o
                0x0000000010002194                timer_hardware_alarm_claim
 .text.timer_hardware_alarm_unclaim
                0x00000000100021a8       0x10 CMakeFiles/pico_env_monitor.dir/home/teranishi-yu/pico-sdk/src/rp2_common/hardware_timer/timer.c.o
                0x00000000100021a8                timer_hardware_alarm_unclaim
 .text.timer_hardware_alarm_claim_unused
                0x00000000100021b8       0x20 CMakeFiles/pico_env_monitor.dir/home/teranishi-yu/pico-sdk/src/rp2_common/hardware_timer/timer.c.o
                0x00000000100021b8                timer_hardware_alarm_claim_unused
 .text.timer_time_us_64
                0x00000000100021d8       0x10 CMakeFiles/pico_env_monitor.dir/home/teranishi-yu/pico-sdk/src/rp2_common/hardware_timer/timer.c.o
                0x00000000100021d8                timer_time_us_64
 .text.time_us_64
                0x00000000100021e8       0x14 CMakeFiles/pico_env_monitor.dir/home/teranishi-yu/pico-sdk/src/rp2_common/hardware_timer/timer.c.o
                0x00000000100021e8                time_us_64
 .text.busy_wait_us
                0x00000000100021fc       0x54 CMakeFiles/pico_env_monitor.dir/home/teranishi-yu/pico-sdk/src/rp2_common/hardware_timer/timer.c.o
                0x00000000100021fc                busy_wait_us
 .text.busy_wait_until
                0x0000000010002250       0x20 CMakeFiles/pico_env_monitor.dir/home/teranishi-yu/pico-sdk/src/rp2_common/hardware_timer/timer.c.o
                0x0000000010002250                busy_wait_until
 .text.queue_init_with_spinlock
                0x0000000010002270       0x24 CMakeFiles/pico_env_monitor.dir/home/teranishi-yu/pico-sdk/src/common/pico_util/queue.c.o
                0x0000000010002270                queue_init_with_spinlock
 .text.queue_try_add
                0x0000000010002294       0x70 CMakeFiles/pico_env_monitor.dir/home/teranishi-yu/pico-sdk/src/common/pico_util/queue.c.o
                0x0000000010002294                queue_try_add
 .text.queue_try_remove
                0x0000000010002304       0x74 CMakeFiles/pico_env_monitor.dir/home/teranishi-yu/pico-sdk/src/common/pico_util/queue.c.o
                0x0000000010002304                queue_try_remove
 .text.uart_init
                0x0000000010002378      0x11c CMakeFiles/pico_env_monitor.dir/home/teranishi-yu/pico-sdk/src/rp2_common/hardware_uart/uart.c.o
                0x0000000010002378                uart_init
 .text.clock_configure_int_divider
                0x0000000010002494       0xf4 CMakeFiles/pico_env_monitor.dir/home/teranishi-yu/pico-sdk/src/rp2_common/hardware_clocks/clocks.c.o
                0x0000000010002494                clock_configure_int_divider
 .text.clock_configure_undivided
                0x0000000010002588       0xe8 CMakeFiles/pico_env_monitor.dir/home/teranishi-yu/pico-sdk/src/rp2_common/hardware_clocks/clocks.c.o
                0x0000000010002588                clock_configure_undivided
 .text.clock_get_hz
                0x0000000010002670        0xc CMakeFiles/pico_env_monitor.dir/home/teranishi-yu/pico-sdk/src/rp2_common/hardware_clocks/clocks.c.o
                0x0000000010002670                clock_get_hz
 .text.pll_init
                0x000000001000267c       0xa0 CMakeFiles/pico_env_monitor.dir/home/teranishi-yu/pico-sdk/src/rp2_common/hardware_pll/pll.c.o
                0x000000001000267c                pll_init
 .text.watchdog_reboot
                0x000000001000271c       0x98 CMakeFiles/pico_env_monitor.dir/home/teranishi-yu/pico-sdk/src/rp2_common/hardware_watchdog/watchdog.c.o
                0x000000001000271c                watchdog_reboot
 .text.tick_start
                0x00000000100027b4       0x10 CMakeFiles/pico_env_monitor.dir/home/teranishi-yu/pico-sdk/src/rp2_common/hardware_ticks/ticks.c.o
                0x00000000100027b4                tick_start
 .text.rom_func_lookup
                0x00000000100027c4       0x10 CMakeFiles/pico_env_monitor.dir/home/teranishi-yu/pico-sdk/src/rp2_common/pico_bootrom/bootrom.c.o
                0x00000000100027c4                rom_func_lookup
 .text.rom_data_lookup
                0x00000000100027d4       0x10 CMakeFiles/pico_env_monitor.dir/home/teranishi-yu/pico-sdk/src/rp2_common/pico_bootrom/bootrom.c.o
                0x00000000100027d4                rom_data_lookup
 .text.rom_funcs_lookup
                0x00000000100027e4       0x44 CMakeFiles/pico_env_monitor.dir/home/teranishi-yu/pico-sdk/src/rp2_common/pico_bootrom/bootrom.c.o
                0x00000000100027e4                rom_funcs_lookup
 .text.rom_reset_usb_boot_extra
                0x0000000010002828       0x28 CMakeFiles/pico_env_monitor.dir/home/teranishi-yu/pico-sdk/src/rp2_common/pico_bootrom/bootrom.c.o
                0x0000000010002828                rom_reset_usb_boot_extra
 .text.xosc_init
                0x0000000010002850       0x28 CMakeFiles/pico_env_monitor.dir/home/teranishi-yu/pico-sdk/src/rp2_common/hardware_xosc/xosc.c.o
                0x0000000010002850                xosc_init
 .text.first_per_core_initializer
                0x0000000010002878        0x4 CMakeFiles/pico_env_monitor.dir/home/teranishi-yu/pico-sdk/src/rp2_common/pico_runtime/runtime.c.o
 .text.hard_assertion_failure
                0x000000001000287c        0xc CMakeFiles/pico_env_monitor.dir/home/teranishi-yu/pico-sdk/src/rp2_common/pico_runtime/runtime.c.o
                0x000000001000287c                hard_assertion_failure
 .text.runtime_run_initializers
                0x0000000010002888       0x28 CMakeFiles/pico_env_monitor.dir/home/teranishi-yu/pico-sdk/src/rp2_common/pico_runtime/runtime.c.o
                0x0000000010002888                runtime_run_initializers
 .text.runtime_run_per_core_initializers
                0x00000000100028b0       0x28 CMakeFiles/pico_env_monitor.dir/home/teranishi-yu/pico-sdk/src/rp2_common/pico_runtime/runtime.c.o
                0x00000000100028b0                runtime_run_per_core_initializers
 .text.runtime_init_early_resets
                0x00000000100028d8       0x2c CMakeFiles/pico_env_monitor.dir/home/teranishi-yu/pico-sdk/src/rp2_common/pico_runtime_init/runtime_init.c.o
                0x00000000100028d8                runtime_init_early_resets
 .text.runtime_init_usb_power_down
                0x0000000010002904       0x1c CMakeFiles/pico_env_monitor.dir/home/teranishi-yu/pico-sdk/src/rp2_common/pico_runtime_init/runtime_init.c.o
                0x0000000010002904                runtime_init_usb_power_down
 .text.runtime_init_post_clock_resets
                0x0000000010002920       0x20 CMakeFiles/pico_env_monitor.dir/home/teranishi-yu/pico-sdk/src/rp2_common/pico_runtime_init/runtime_init.c.o
                0x0000000010002920                runtime_init_post_clock_resets
 .text.runtime_init_rp2040_gpio_ie_disable
                0x0000000010002940       0x14 CMakeFiles/pico_env_monitor.dir/home/teranishi-yu/pico-sdk/src/rp2_common/pico_runtime_init/runtime_init.c.o
                0x0000000010002940                runtime_init_rp2040_gpio_ie_disable
 .text.runtime_init_spin_locks_reset
                0x0000000010002954        0x8 CMakeFiles/pico_env_monitor.dir/home/teranishi-yu/pico-sdk/src/rp2_common/pico_runtime_init/runtime_init.c.o
                0x0000000010002954                runtime_init_spin_locks_reset
 .text.runtime_init_install_ram_vector_table
                0x000000001000295c       0xcc CMakeFiles/pico_env_monitor.dir/home/teranishi-yu/pico-sdk/src/rp2_common/pico_runtime_init/runtime_init.c.o
                0x000000001000295c                runtime_init_install_ram_vector_table
 .text.runtime_init_clocks
                0x0000000010002a28       0xd8 CMakeFiles/pico_env_monitor.dir/home/teranishi-yu/pico-sdk/src/rp2_common/pico_runtime_init/runtime_init_clocks.c.o
                0x0000000010002a28                runtime_init_clocks
 .text          0x0000000010002b00       0x10 CMakeFiles/pico_env_monitor.dir/home/teranishi-yu/pico-sdk/src/rp2_common/pico_bit_ops/bit_ops_aeabi.S.o
 .text.ctzsi    0x0000000010002b10        0xc CMakeFiles/pico_env_monitor.dir/home/teranishi-yu/pico-sdk/src/rp2_common/pico_bit_ops/bit_ops_aeabi.S.o
                0x0000000010002b10                __wrap___ctzsi2
 .text.__wrap___aeabi_idiv
                0x0000000010002b1c       0x50 CMakeFiles/pico_env_monitor.dir/home/teranishi-yu/pico-sdk/src/rp2_common/pico_divider/divider_hardware.S.o
                0x0000000010002b1c                __wrap___aeabi_idivmod
                0x0000000010002b1c                divmod_s32s32
                0x0000000010002b1c                div_s32s32
                0x0000000010002b1c                __wrap___aeabi_idiv
                0x0000000010002b24                divmod_s32s32_unsafe
                0x0000000010002b50                divmod_s32s32_savestate
 .text.__wrap___aeabi_uidiv
                0x0000000010002b6c       0x4c CMakeFiles/pico_env_monitor.dir/home/teranishi-yu/pico-sdk/src/rp2_common/pico_divider/divider_hardware.S.o
                0x0000000010002b6c                __wrap___aeabi_uidiv
                0x0000000010002b6c                __wrap___aeabi_uidivmod
                0x0000000010002b6c                div_u32u32
                0x0000000010002b6c                divmod_u32u32
                0x0000000010002b74                divmod_u32u32_unsafe
                0x0000000010002b9c                divmod_u32u32_savestate
 .text.__wrap___aeabi_ldiv
                0x0000000010002bb8      0x424 CMakeFiles/pico_env_monitor.dir/home/teranishi-yu/pico-sdk/src/rp2_common/pico_divider/divider_hardware.S.o
                0x0000000010002bb8                div_s64s64
                0x0000000010002bb8                divmod_s64s64
                0x0000000010002bb8                __wrap___aeabi_ldivmod
                0x0000000010002be8                div_u64u64
                0x0000000010002be8                divmod_u64u64
                0x0000000010002be8                __wrap___aeabi_uldivmod
                0x0000000010002bf8                divmod_u64u64_savestate
                0x0000000010002c18                divmod_s64s64_unsafe
                0x0000000010002ca0                divmod_u64u64_unsafe
 .text.__wrap___aeabi_darithmetic
                0x0000000010002fdc       0x60 CMakeFiles/pico_env_monitor.dir/home/teranishi-yu/pico-sdk/src/rp2_common/pico_double/double_aeabi_rp2040.S.o
                0x0000000010002fdc                __wrap___aeabi_drsub
                0x0000000010002fe2                __wrap___aeabi_dsub
                0x0000000010002fec                __wrap___aeabi_dadd
                0x0000000010002ff6                __wrap___aeabi_ddiv
                0x000000001000302a                __wrap___aeabi_dmul
 .text.__wrap___aeabi_cdcmple
                0x000000001000303c       0x6c CMakeFiles/pico_env_monitor.dir/home/teranishi-yu/pico-sdk/src/rp2_common/pico_double/double_aeabi_rp2040.S.o
                0x000000001000303c                __wrap___aeabi_cdrcmple
                0x000000001000304c                __wrap___aeabi_cdcmple
                0x000000001000304c                __wrap___aeabi_cdcmpeq
 .text.__wrap___aeabi_dcmplt
                0x00000000100030a8        0xc CMakeFiles/pico_env_monitor.dir/home/teranishi-yu/pico-sdk/src/rp2_common/pico_double/double_aeabi_rp2040.S.o
                0x00000000100030a8                __wrap___aeabi_dcmplt
 .text.__wrap___aeabi_dcmple
                0x00000000100030b4       0x10 CMakeFiles/pico_env_monitor.dir/home/teranishi-yu/pico-sdk/src/rp2_common/pico_double/double_aeabi_rp2040.S.o
                0x00000000100030b4                __wrap___aeabi_dcmple
 .text.__wrap___aeabi_dcmpge
                0x00000000100030c4       0x10 CMakeFiles/pico_env_monitor.dir/home/teranishi-yu/pico-sdk/src/rp2_common/pico_double/double_aeabi_rp2040.S.o
                0x00000000100030c4                __wrap___aeabi_dcmpge
 .text.__wrap___aeabi_dcmpgt
                0x00000000100030d4        0xa CMakeFiles/pico_env_monitor.dir/home/teranishi-yu/pico-sdk/src/rp2_common/pico_double/double_aeabi_rp2040.S.o
                0x00000000100030d4                __wrap___aeabi_dcmpgt
 .text.__wrap___aeabi_dcmpun
                0x00000000100030de       0x18 CMakeFiles/pico_env_monitor.dir/home/teranishi-yu/pico-sdk/src/rp2_common/pico_double/double_aeabi_rp2040.S.o
                0x00000000100030de                __wrap___aeabi_dcmpun
 *fill*         0x00000000100030f6        0x2 
 .text.__wrap___aeabi_i2d
                0x00000000100030f8       0x38 CMakeFiles/pico_env_monitor.dir/home/teranishi-yu/pico-sdk/src/rp2_common/pico_double/double_aeabi_rp2040.S.o
                0x00000000100030f8                __wrap___aeabi_ui2d
                0x00000000100030f8                uint2double
                0x0000000010003100                __wrap___aeabi_i2d
                0x0000000010003100                int2double
 .text.__wrap___aeabi_d2iz
                0x0000000010003130       0x48 CMakeFiles/pico_env_monitor.dir/home/teranishi-yu/pico-sdk/src/rp2_common/pico_double/double_aeabi_rp2040.S.o
                0x0000000010003130                __wrap___aeabi_d2iz
                0x0000000010003130                double2int_z
 .text.__wrap___aeabi_d2uiz
                0x0000000010003178       0x10 CMakeFiles/pico_env_monitor.dir/home/teranishi-yu/pico-sdk/src/rp2_common/pico_double/double_aeabi_rp2040.S.o
                0x0000000010003178                double2uint_z
                0x0000000010003178                double2uint
                0x0000000010003178                __wrap___aeabi_d2uiz
 .text.missing_double_func_shim
                0x0000000010003188        0xc CMakeFiles/pico_env_monitor.dir/home/teranishi-yu/pico-sdk/src/rp2_common/pico_double/double_init_rom_rp2040.c.o
 .text.__aeabi_double_init
                0x0000000010003194       0xa4 CMakeFiles/pico_env_monitor.dir/home/teranishi-yu/pico-sdk/src/rp2_common/pico_double/double_init_rom_rp2040.c.o
                0x0000000010003194                __aeabi_double_init
 .text.double_table_shim_on_use_helper
                0x0000000010003238       0x2c CMakeFiles/pico_env_monitor.dir/home/teranishi-yu/pico-sdk/src/rp2_common/pico_double/double_v1_rom_shim_rp2040.S.o
                0x0000000010003238                double_table_shim_on_use_helper
 .text.__aeabi_lmul
                0x0000000010003264       0x32 CMakeFiles/pico_env_monitor.dir/home/teranishi-yu/pico-sdk/src/rp2_common/pico_int64_ops/pico_int64_ops_aeabi.S.o
                0x0000000010003264                __wrap___aeabi_lmul
 *fill*         0x0000000010003296        0x2 
 .text.__wrap___aeabi_farithmetic
                0x0000000010003298       0x48 CMakeFiles/pico_env_monitor.dir/home/teranishi-yu/pico-sdk/src/rp2_common/pico_float/float_aeabi_rp2040.S.o
                0x0000000010003298                __wrap___aeabi_frsub
                0x000000001000329e                __wrap___aeabi_fsub
                0x00000000100032a4                __wrap___aeabi_fadd
                0x00000000100032aa                __wrap___aeabi_fdiv
                0x00000000100032d2                __wrap___aeabi_fmul
 .text.__wrap___aeabi_i2f
                0x00000000100032e0       0x44 CMakeFiles/pico_env_monitor.dir/home/teranishi-yu/pico-sdk/src/rp2_common/pico_float/float_aeabi_rp2040.S.o
                0x00000000100032e0                int2float
                0x00000000100032e0                __wrap___aeabi_i2f
 .text.__wrap___aeabi_l2f
                0x0000000010003324       0x18 CMakeFiles/pico_env_monitor.dir/home/teranishi-yu/pico-sdk/src/rp2_common/pico_float/float_aeabi_rp2040.S.o
                0x0000000010003328                int642float
                0x0000000010003328                __wrap___aeabi_l2f
 .text.__wrap___aeabi_f2d
                0x000000001000333c        0xc CMakeFiles/pico_env_monitor.dir/home/teranishi-yu/pico-sdk/src/rp2_common/pico_float/float_aeabi_rp2040.S.o
                0x000000001000333c                __wrap___aeabi_f2d
 .text.missing_float_func_shim
                0x0000000010003348        0xc CMakeFiles/pico_env_monitor.dir/home/teranishi-yu/pico-sdk/src/rp2_common/pico_float/float_init_rom_rp2040.c.o
 .text.__aeabi_float_init
                0x0000000010003354       0x5c CMakeFiles/pico_env_monitor.dir/home/teranishi-yu/pico-sdk/src/rp2_common/pico_float/float_init_rom_rp2040.c.o
                0x0000000010003354                __aeabi_float_init
 .text.__wrap_malloc
                0x00000000100033b0       0x3c CMakeFiles/pico_env_monitor.dir/home/teranishi-yu/pico-sdk/src/rp2_common/pico_malloc/malloc.c.o
                0x00000000100033b0                __wrap_malloc
 .text.__wrap_calloc
                0x00000000100033ec       0x44 CMakeFiles/pico_env_monitor.dir/home/teranishi-yu/pico-sdk/src/rp2_common/pico_malloc/malloc.c.o
                0x00000000100033ec                __wrap_calloc
 .text.__wrap_free
                0x0000000010003430       0x20 CMakeFiles/pico_env_monitor.dir/home/teranishi-yu/pico-sdk/src/rp2_common/pico_malloc/malloc.c.o
                0x0000000010003430                __wrap_free
 .text          0x0000000010003450       0x10 CMakeFiles/pico_env_monitor.dir/home/teranishi-yu/pico-sdk/src/rp2_common/pico_mem_ops/mem_ops_aeabi.S.o
                0x0000000010003450                __aeabi_mem_init
 .text.memset   0x0000000010003460        0xc CMakeFiles/pico_env_monitor.dir/home/teranishi-yu/pico-sdk/src/rp2_common/pico_mem_ops/mem_ops_aeabi.S.o
                0x0000000010003460                __wrap_memset
 .text.memcpy   0x000000001000346c        0xc CMakeFiles/pico_env_monitor.dir/home/teranishi-yu/pico-sdk/src/rp2_common/pico_mem_ops/mem_ops_aeabi.S.o
                0x000000001000346c                __wrap___aeabi_memcpy
                0x000000001000346c                __wrap_memcpy
 .text._out_buffer
                0x0000000010003478        0x8 CMakeFiles/pico_env_monitor.dir/home/teranishi-yu/pico-sdk/src/rp2_common/pico_printf/printf.c.o
 .text._out_null
                0x0000000010003480        0x4 CMakeFiles/pico_env_monitor.dir/home/teranishi-yu/pico-sdk/src/rp2_common/pico_printf/printf.c.o
 .text._out_rev
                0x0000000010003484       0x9c CMakeFiles/pico_env_monitor.dir/home/teranishi-yu/pico-sdk/src/rp2_common/pico_printf/printf.c.o
 .text._ntoa_format
                0x0000000010003520      0x1cc CMakeFiles/pico_env_monitor.dir/home/teranishi-yu/pico-sdk/src/rp2_common/pico_printf/printf.c.o
 .text._out_char
                0x00000000100036ec       0x10 CMakeFiles/pico_env_monitor.dir/home/teranishi-yu/pico-sdk/src/rp2_common/pico_printf/printf.c.o
 .text._out_fct
                0x00000000100036fc       0x10 CMakeFiles/pico_env_monitor.dir/home/teranishi-yu/pico-sdk/src/rp2_common/pico_printf/printf.c.o
 .text._etoa    0x000000001000370c      0x44c CMakeFiles/pico_env_monitor.dir/home/teranishi-yu/pico-sdk/src/rp2_common/pico_printf/printf.c.o
 .text._ftoa    0x0000000010003b58      0x398 CMakeFiles/pico_env_monitor.dir/home/teranishi-yu/pico-sdk/src/rp2_common/pico_printf/printf.c.o
 .text._vsnprintf
                0x0000000010003ef0      0xb04 CMakeFiles/pico_env_monitor.dir/home/teranishi-yu/pico-sdk/src/rp2_common/pico_printf/printf.c.o
 .text.__wrap_snprintf
                0x00000000100049f4       0x28 CMakeFiles/pico_env_monitor.dir/home/teranishi-yu/pico-sdk/src/rp2_common/pico_printf/printf.c.o
                0x00000000100049f4                __wrap_snprintf
 .text.vfctprintf
                0x0000000010004a1c       0x20 CMakeFiles/pico_env_monitor.dir/home/teranishi-yu/pico-sdk/src/rp2_common/pico_printf/printf.c.o
                0x0000000010004a1c                vfctprintf
 .text.weak_raw_vprintf
                0x0000000010004a3c       0x30 CMakeFiles/pico_env_monitor.dir/home/teranishi-yu/pico-sdk/src/rp2_common/pico_printf/printf.c.o
                0x0000000010004a3c                weak_raw_vprintf
 .text._exit    0x0000000010004a6c        0x4 CMakeFiles/pico_env_monitor.dir/home/teranishi-yu/pico-sdk/src/rp2_common/pico_clib_interface/newlib_interface.c.o
                0x0000000010004a6c                _exit
 .text._sbrk    0x0000000010004a70       0x34 CMakeFiles/pico_env_monitor.dir/home/teranishi-yu/pico-sdk/src/rp2_common/pico_clib_interface/newlib_interface.c.o
                0x0000000010004a70                _sbrk
 .text.exit     0x0000000010004aa4        0x8 CMakeFiles/pico_env_monitor.dir/home/teranishi-yu/pico-sdk/src/rp2_common/pico_clib_interface/newlib_interface.c.o
                0x0000000010004aa4                exit
 .text.runtime_init
                0x0000000010004aac       0x2c CMakeFiles/pico_env_monitor.dir/home/teranishi-yu/pico-sdk/src/rp2_common/pico_clib_interface/newlib_interface.c.o
                0x0000000010004aac                runtime_init
 .text.stdio_out_chars_no_crlf
                0x0000000010004ad8       0x10 CMakeFiles/pico_env_monitor.dir/home/teranishi-yu/pico-sdk/src/rp2_common/pico_stdio/stdio.c.o
 .text.stdio_out_chars_crlf
                0x0000000010004ae8       0xb4 CMakeFiles/pico_env_monitor.dir/home/teranishi-yu/pico-sdk/src/rp2_common/pico_stdio/stdio.c.o
 .text.stdio_buffered_printer
                0x0000000010004b9c       0x64 CMakeFiles/pico_env_monitor.dir/home/teranishi-yu/pico-sdk/src/rp2_common/pico_stdio/stdio.c.o
 .text.stdio_put_string
                0x0000000010004c00      0x100 CMakeFiles/pico_env_monitor.dir/home/teranishi-yu/pico-sdk/src/rp2_common/pico_stdio/stdio.c.o
                0x0000000010004c00                stdio_put_string
 .text.stdio_set_driver_enabled
                0x0000000010004d00       0x30 CMakeFiles/pico_env_monitor.dir/home/teranishi-yu/pico-sdk/src/rp2_common/pico_stdio/stdio.c.o
                0x0000000010004d00                stdio_set_driver_enabled
 .text.stdio_init_all
                0x0000000010004d30       0x10 CMakeFiles/pico_env_monitor.dir/home/teranishi-yu/pico-sdk/src/rp2_common/pico_stdio/stdio.c.o
                0x0000000010004d30                stdio_init_all
 .text.__wrap_putchar
                0x0000000010004d40       0x98 CMakeFiles/pico_env_monitor.dir/home/teranishi-yu/pico-sdk/src/rp2_common/pico_stdio/stdio.c.o
                0x0000000010004d40                stdio_putchar
                0x0000000010004d40                __wrap_putchar
 .text.__wrap_puts
                0x0000000010004dd8       0x3c CMakeFiles/pico_env_monitor.dir/home/teranishi-yu/pico-sdk/src/rp2_common/pico_stdio/stdio.c.o
                0x0000000010004dd8                __wrap_puts
                0x0000000010004dd8                stdio_puts
 .text.__wrap_vprintf
                0x0000000010004e14       0xd8 CMakeFiles/pico_env_monitor.dir/home/teranishi-yu/pico-sdk/src/rp2_common/pico_stdio/stdio.c.o
                0x0000000010004e14                __wrap_vprintf
                0x0000000010004e14                stdio_vprintf
 .text.__wrap_printf
                0x0000000010004eec       0x18 CMakeFiles/pico_env_monitor.dir/home/teranishi-yu/pico-sdk/src/rp2_common/pico_stdio/stdio.c.o
                0x0000000010004eec                stdio_printf
                0x0000000010004eec                __wrap_printf
 .text.stdio_uart_out_chars
                0x0000000010004f04       0x4c CMakeFiles/pico_env_monitor.dir/home/teranishi-yu/pico-sdk/src/rp2_common/pico_stdio_uart/stdio_uart.c.o
 .text.stdio_uart_in_chars
                0x0000000010004f50       0x84 CMakeFiles/pico_env_monitor.dir/home/teranishi-yu/pico-sdk/src/rp2_common/pico_stdio_uart/stdio_uart.c.o
                0x0000000010004f50                stdio_uart_in_chars
 .text.on_uart_rx
                0x0000000010004fd4       0x28 CMakeFiles/pico_env_monitor.dir/home/teranishi-yu/pico-sdk/src/rp2_common/pico_stdio_uart/stdio_uart.c.o
 .text.stdio_uart_out_flush
                0x0000000010004ffc       0x14 CMakeFiles/pico_env_monitor.dir/home/teranishi-yu/pico-sdk/src/rp2_common/pico_stdio_uart/stdio_uart.c.o
 .text.stdio_uart_set_chars_available_callback
                0x0000000010005010       0x88 CMakeFiles/pico_env_monitor.dir/home/teranishi-yu/pico-sdk/src/rp2_common/pico_stdio_uart/stdio_uart.c.o
 .text.stdio_uart_init
                0x0000000010005098       0x50 CMakeFiles/pico_env_monitor.dir/home/teranishi-yu/pico-sdk/src/rp2_common/pico_stdio_uart/stdio_uart.c.o
                0x0000000010005098                stdio_uart_init
 .text.resetd_init
                0x00000000100050e8        0x4 CMakeFiles/pico_env_monitor.dir/home/teranishi-yu/pico-sdk/src/rp2_common/pico_stdio_usb/reset_interface.c.o
 .text.resetd_reset
                0x00000000100050ec        0xc CMakeFiles/pico_env_monitor.dir/home/teranishi-yu/pico-sdk/src/rp2_common/pico_stdio_usb/reset_interface.c.o
 .text.resetd_open
                0x00000000100050f8       0x28 CMakeFiles/pico_env_monitor.dir/home/teranishi-yu/pico-sdk/src/rp2_common/pico_stdio_usb/reset_interface.c.o
 .text.resetd_xfer_cb
                0x0000000010005120        0x4 CMakeFiles/pico_env_monitor.dir/home/teranishi-yu/pico-sdk/src/rp2_common/pico_stdio_usb/reset_interface.c.o
 .text.resetd_control_xfer_cb
                0x0000000010005124       0x60 CMakeFiles/pico_env_monitor.dir/home/teranishi-yu/pico-sdk/src/rp2_common/pico_stdio_usb/reset_interface.c.o
 .text.tud_descriptor_bos_cb
                0x0000000010005184        0x8 CMakeFiles/pico_env_monitor.dir/home/teranishi-yu/pico-sdk/src/rp2_common/pico_stdio_usb/reset_interface.c.o
                0x0000000010005184                tud_descriptor_bos_cb
 .text.tud_vendor_control_xfer_cb
                0x000000001000518c       0x34 CMakeFiles/pico_env_monitor.dir/home/teranishi-yu/pico-sdk/src/rp2_common/pico_stdio_usb/reset_interface.c.o
                0x000000001000518c                tud_vendor_control_xfer_cb
 .text.usbd_app_driver_get_cb
                0x00000000100051c0        0xc CMakeFiles/pico_env_monitor.dir/home/teranishi-yu/pico-sdk/src/rp2_common/pico_stdio_usb/reset_interface.c.o
                0x00000000100051c0                usbd_app_driver_get_cb
 .text.tud_cdc_line_coding_cb
                0x00000000100051cc       0x2c CMakeFiles/pico_env_monitor.dir/home/teranishi-yu/pico-sdk/src/rp2_common/pico_stdio_usb/reset_interface.c.o
                0x00000000100051cc                tud_cdc_line_coding_cb
 .text.stdio_usb_set_chars_available_callback
                0x00000000100051f8       0x14 CMakeFiles/pico_env_monitor.dir/home/teranishi-yu/pico-sdk/src/rp2_common/pico_stdio_usb/stdio_usb.c.o
                0x00000000100051f8                stdio_usb_set_chars_available_callback
 .text.usb_irq  0x000000001000520c       0x10 CMakeFiles/pico_env_monitor.dir/home/teranishi-yu/pico-sdk/src/rp2_common/pico_stdio_usb/stdio_usb.c.o
 .text.timer_task
                0x000000001000521c       0x64 CMakeFiles/pico_env_monitor.dir/home/teranishi-yu/pico-sdk/src/rp2_common/pico_stdio_usb/stdio_usb.c.o
 .text.stdio_usb_in_chars
                0x0000000010005280       0x90 CMakeFiles/pico_env_monitor.dir/home/teranishi-yu/pico-sdk/src/rp2_common/pico_stdio_usb/stdio_usb.c.o
                0x0000000010005280                stdio_usb_in_chars
 .text.stdio_usb_out_flush
                0x0000000010005310       0x50 CMakeFiles/pico_env_monitor.dir/home/teranishi-yu/pico-sdk/src/rp2_common/pico_stdio_usb/stdio_usb.c.o
 .text.stdio_usb_out_chars
                0x0000000010005360      0x100 CMakeFiles/pico_env_monitor.dir/home/teranishi-yu/pico-sdk/src/rp2_common/pico_stdio_usb/stdio_usb.c.o
 .text.low_priority_worker_irq
                0x0000000010005460       0xc8 CMakeFiles/pico_env_monitor.dir/home/teranishi-yu/pico-sdk/src/rp2_common/pico_stdio_usb/stdio_usb.c.o
 .text.stdio_usb_init
                0x0000000010005528       0xe8 CMakeFiles/pico_env_monitor.dir/home/teranishi-yu/pico-sdk/src/rp2_common/pico_stdio_usb/stdio_usb.c.o
                0x0000000010005528                stdio_usb_init
 .text.tud_descriptor_device_cb
                0x0000000010005610        0x8 CMakeFiles/pico_env_monitor.dir/home/teranishi-yu/pico-sdk/src/rp2_common/pico_stdio_usb/stdio_usb_descriptors.c.o
                0x0000000010005610                tud_descriptor_device_cb
 .text.tud_descriptor_configuration_cb
                0x0000000010005618        0x8 CMakeFiles/pico_env_monitor.dir/home/teranishi-yu/pico-sdk/src/rp2_common/pico_stdio_usb/stdio_usb_descriptors.c.o
                0x0000000010005618                tud_descriptor_configuration_cb
 .text.tud_descriptor_string_cb
                0x0000000010005620       0x74 CMakeFiles/pico_env_monitor.dir/home/teranishi-yu/pico-sdk/src/rp2_common/pico_stdio_usb/stdio_usb_descriptors.c.o
                0x0000000010005620                tud_descriptor_string_cb
 .text.startup._retrieve_unique_id_on_boot
                0x0000000010005694       0x10 CMakeFiles/pico_env_monitor.dir/home/teranishi-yu/pico-sdk/src/rp2_common/pico_unique_id/unique_id.c.o
 .text.pico_get_unique_board_id
                0x00000000100056a4       0x10 CMakeFiles/pico_env_monitor.dir/home/teranishi-yu/pico-sdk/src/rp2_common/pico_unique_id/unique_id.c.o
                0x00000000100056a4                pico_get_unique_board_id
 .text.pico_get_unique_board_id_string
                0x00000000100056b4      0x1a8 CMakeFiles/pico_env_monitor.dir/home/teranishi-yu/pico-sdk/src/rp2_common/pico_unique_id/unique_id.c.o
                0x00000000100056b4                pico_get_unique_board_id_string
 .text.flash_get_unique_id
                0x000000001000585c       0x40 CMakeFiles/pico_env_monitor.dir/home/teranishi-yu/pico-sdk/src/rp2_common/hardware_flash/flash.c.o
                0x000000001000585c                flash_get_unique_id
 .text.dcd_init
                0x000000001000589c       0x90 CMakeFiles/pico_env_monitor.dir/home/teranishi-yu/pico-sdk/lib/tinyusb/src/portable/raspberrypi/rp2040/dcd_rp2040.c.o
                0x000000001000589c                dcd_init
 .text.dcd_int_enable
                0x000000001000592c        0xc CMakeFiles/pico_env_monitor.dir/home/teranishi-yu/pico-sdk/lib/tinyusb/src/portable/raspberrypi/rp2040/dcd_rp2040.c.o
                0x000000001000592c                dcd_int_enable
 .text.dcd_set_address
                0x0000000010005938       0x14 CMakeFiles/pico_env_monitor.dir/home/teranishi-yu/pico-sdk/lib/tinyusb/src/portable/raspberrypi/rp2040/dcd_rp2040.c.o
                0x0000000010005938                dcd_set_address
 .text.dcd_sof_enable
                0x000000001000594c       0x1c CMakeFiles/pico_env_monitor.dir/home/teranishi-yu/pico-sdk/lib/tinyusb/src/portable/raspberrypi/rp2040/dcd_rp2040.c.o
                0x000000001000594c                dcd_sof_enable
 .text.dcd_edpt0_status_complete
                0x0000000010005968       0x1c CMakeFiles/pico_env_monitor.dir/home/teranishi-yu/pico-sdk/lib/tinyusb/src/portable/raspberrypi/rp2040/dcd_rp2040.c.o
                0x0000000010005968                dcd_edpt0_status_complete
 .text.dcd_edpt_open
                0x0000000010005984      0x114 CMakeFiles/pico_env_monitor.dir/home/teranishi-yu/pico-sdk/lib/tinyusb/src/portable/raspberrypi/rp2040/dcd_rp2040.c.o
                0x0000000010005984                dcd_edpt_open
 .text.dcd_edpt_close_all
                0x0000000010005a98        0x8 CMakeFiles/pico_env_monitor.dir/home/teranishi-yu/pico-sdk/lib/tinyusb/src/portable/raspberrypi/rp2040/dcd_rp2040.c.o
                0x0000000010005a98                dcd_edpt_close_all
 .text.dcd_edpt_xfer
                0x0000000010005aa0       0x24 CMakeFiles/pico_env_monitor.dir/home/teranishi-yu/pico-sdk/lib/tinyusb/src/portable/raspberrypi/rp2040/dcd_rp2040.c.o
                0x0000000010005aa0                dcd_edpt_xfer
 .text.dcd_edpt_stall
                0x0000000010005ac4       0x38 CMakeFiles/pico_env_monitor.dir/home/teranishi-yu/pico-sdk/lib/tinyusb/src/portable/raspberrypi/rp2040/dcd_rp2040.c.o
                0x0000000010005ac4                dcd_edpt_stall
 .text.dcd_edpt_clear_stall
                0x0000000010005afc       0x30 CMakeFiles/pico_env_monitor.dir/home/teranishi-yu/pico-sdk/lib/tinyusb/src/portable/raspberrypi/rp2040/dcd_rp2040.c.o
                0x0000000010005afc                dcd_edpt_clear_stall
 .text.rp2040_usb_init
                0x0000000010005b2c       0x40 CMakeFiles/pico_env_monitor.dir/home/teranishi-yu/pico-sdk/lib/tinyusb/src/portable/raspberrypi/rp2040/rp2040_usb.c.o
                0x0000000010005b2c                rp2040_usb_init
 .text.hw_endpoint_xfer_start
                0x0000000010005b6c       0x50 CMakeFiles/pico_env_monitor.dir/home/teranishi-yu/pico-sdk/lib/tinyusb/src/portable/raspberrypi/rp2040/rp2040_usb.c.o
                0x0000000010005b6c                hw_endpoint_xfer_start
 .text.tud_event_hook_cb
                0x0000000010005bbc        0x4 CMakeFiles/pico_env_monitor.dir/home/teranishi-yu/pico-sdk/lib/tinyusb/src/device/usbd.c.o
                0x0000000010005bbc                tud_event_hook_cb
 .text.tud_sof_cb
                0x0000000010005bc0        0x4 CMakeFiles/pico_env_monitor.dir/home/teranishi-yu/pico-sdk/lib/tinyusb/src/device/usbd.c.o
                0x0000000010005bc0                tud_sof_cb
 .text.tud_descriptor_device_qualifier_cb
                0x0000000010005bc4        0x4 CMakeFiles/pico_env_monitor.dir/home/teranishi-yu/pico-sdk/lib/tinyusb/src/device/usbd.c.o
                0x0000000010005bc4                tud_descriptor_device_qualifier_cb
 .text.tud_descriptor_other_speed_configuration_cb
                0x0000000010005bc8        0x4 CMakeFiles/pico_env_monitor.dir/home/teranishi-yu/pico-sdk/lib/tinyusb/src/device/usbd.c.o
                0x0000000010005bc8                tud_descriptor_other_speed_configuration_cb
 .text.tud_mount_cb
                0x0000000010005bcc        0x4 CMakeFiles/pico_env_monitor.dir/home/teranishi-yu/pico-sdk/lib/tinyusb/src/device/usbd.c.o
                0x0000000010005bcc                tud_mount_cb
 .text.tud_umount_cb
                0x0000000010005bd0        0x4 CMakeFiles/pico_env_monitor.dir/home/teranishi-yu/pico-sdk/lib/tinyusb/src/device/usbd.c.o
                0x0000000010005bd0                tud_umount_cb
 .text.tud_suspend_cb
                0x0000000010005bd4        0x4 CMakeFiles/pico_env_monitor.dir/home/teranishi-yu/pico-sdk/lib/tinyusb/src/device/usbd.c.o
                0x0000000010005bd4                tud_suspend_cb
 .text.tud_resume_cb
                0x0000000010005bd8        0x4 CMakeFiles/pico_env_monitor.dir/home/teranishi-yu/pico-sdk/lib/tinyusb/src/device/usbd.c.o
                0x0000000010005bd8                tud_resume_cb
 .text.tud_mounted
                0x0000000010005bdc       0x10 CMakeFiles/pico_env_monitor.dir/home/teranishi-yu/pico-sdk/lib/tinyusb/src/device/usbd.c.o
                0x0000000010005bdc                tud_mounted
 .text.tud_suspended
                0x0000000010005bec       0x10 CMakeFiles/pico_env_monitor.dir/home/teranishi-yu/pico-sdk/lib/tinyusb/src/device/usbd.c.o
                0x0000000010005bec                tud_suspended
 .text.tud_rhport_init
                0x0000000010005bfc       0xf4 CMakeFiles/pico_env_monitor.dir/home/teranishi-yu/pico-sdk/lib/tinyusb/src/device/usbd.c.o
                0x0000000010005bfc                tud_rhport_init
 .text.tud_task_ext
                0x0000000010005cf0      0x800 CMakeFiles/pico_env_monitor.dir/home/teranishi-yu/pico-sdk/lib/tinyusb/src/device/usbd.c.o
                0x0000000010005cf0                tud_task_ext
 .text.usbd_open_edpt_pair
                0x00000000100064f0       0x9c CMakeFiles/pico_env_monitor.dir/home/teranishi-yu/pico-sdk/lib/tinyusb/src/device/usbd.c.o
                0x00000000100064f0                usbd_open_edpt_pair
 .text.usbd_edpt_open
                0x000000001000658c       0x34 CMakeFiles/pico_env_monitor.dir/home/teranishi-yu/pico-sdk/lib/tinyusb/src/device/usbd.c.o
                0x000000001000658c                usbd_edpt_open
 .text.usbd_edpt_claim
                0x00000000100065c0       0x28 CMakeFiles/pico_env_monitor.dir/home/teranishi-yu/pico-sdk/lib/tinyusb/src/device/usbd.c.o
                0x00000000100065c0                usbd_edpt_claim
 .text.usbd_edpt_release
                0x00000000100065e8       0x28 CMakeFiles/pico_env_monitor.dir/home/teranishi-yu/pico-sdk/lib/tinyusb/src/device/usbd.c.o
                0x00000000100065e8                usbd_edpt_release
 .text.usbd_edpt_xfer
                0x0000000010006610       0x4c CMakeFiles/pico_env_monitor.dir/home/teranishi-yu/pico-sdk/lib/tinyusb/src/device/usbd.c.o
                0x0000000010006610                usbd_edpt_xfer
 .text.tud_control_status
                0x000000001000665c       0x30 CMakeFiles/pico_env_monitor.dir/home/teranishi-yu/pico-sdk/lib/tinyusb/src/device/usbd_control.c.o
                0x000000001000665c                tud_control_status
 .text.tud_control_xfer
                0x000000001000668c       0xbc CMakeFiles/pico_env_monitor.dir/home/teranishi-yu/pico-sdk/lib/tinyusb/src/device/usbd_control.c.o
                0x000000001000668c                tud_control_xfer
 .text.usbd_control_reset
                0x0000000010006748       0x14 CMakeFiles/pico_env_monitor.dir/home/teranishi-yu/pico-sdk/lib/tinyusb/src/device/usbd_control.c.o
                0x0000000010006748                usbd_control_reset
 .text.usbd_control_set_complete_callback
                0x000000001000675c        0xc CMakeFiles/pico_env_monitor.dir/home/teranishi-yu/pico-sdk/lib/tinyusb/src/device/usbd_control.c.o
                0x000000001000675c                usbd_control_set_complete_callback
 .text.usbd_control_set_request
                0x0000000010006768       0x1c CMakeFiles/pico_env_monitor.dir/home/teranishi-yu/pico-sdk/lib/tinyusb/src/device/usbd_control.c.o
                0x0000000010006768                usbd_control_set_request
 .text.usbd_control_xfer_cb
                0x0000000010006784       0xf0 CMakeFiles/pico_env_monitor.dir/home/teranishi-yu/pico-sdk/lib/tinyusb/src/device/usbd_control.c.o
                0x0000000010006784                usbd_control_xfer_cb
 .text._prep_out_transaction.isra.0
                0x0000000010006874       0x6c CMakeFiles/pico_env_monitor.dir/home/teranishi-yu/pico-sdk/lib/tinyusb/src/class/cdc/cdc_device.c.o
 .text.tud_cdc_n_connected
                0x00000000100068e0       0x2c CMakeFiles/pico_env_monitor.dir/home/teranishi-yu/pico-sdk/lib/tinyusb/src/class/cdc/cdc_device.c.o
                0x00000000100068e0                tud_cdc_n_connected
 .text.tud_cdc_n_available
                0x000000001000690c       0x18 CMakeFiles/pico_env_monitor.dir/home/teranishi-yu/pico-sdk/lib/tinyusb/src/class/cdc/cdc_device.c.o
                0x000000001000690c                tud_cdc_n_available
 .text.tud_cdc_n_read
                0x0000000010006924       0x94 CMakeFiles/pico_env_monitor.dir/home/teranishi-yu/pico-sdk/lib/tinyusb/src/class/cdc/cdc_device.c.o
                0x0000000010006924                tud_cdc_n_read
 .text.tud_cdc_n_write_flush
                0x00000000100069b8       0x78 CMakeFiles/pico_env_monitor.dir/home/teranishi-yu/pico-sdk/lib/tinyusb/src/class/cdc/cdc_device.c.o
                0x00000000100069b8                tud_cdc_n_write_flush
 .text.tud_cdc_n_write
                0x0000000010006a30       0x44 CMakeFiles/pico_env_monitor.dir/home/teranishi-yu/pico-sdk/lib/tinyusb/src/class/cdc/cdc_device.c.o
                0x0000000010006a30                tud_cdc_n_write
 .text.tud_cdc_n_write_available
                0x0000000010006a74       0x18 CMakeFiles/pico_env_monitor.dir/home/teranishi-yu/pico-sdk/lib/tinyusb/src/class/cdc/cdc_device.c.o
                0x0000000010006a74                tud_cdc_n_write_available
 .text.cdcd_init
                0x0000000010006a8c       0x70 CMakeFiles/pico_env_monitor.dir/home/teranishi-yu/pico-sdk/lib/tinyusb/src/class/cdc/cdc_device.c.o
                0x0000000010006a8c                cdcd_init
 .text.cdcd_deinit
                0x0000000010006afc       0x24 CMakeFiles/pico_env_monitor.dir/home/teranishi-yu/pico-sdk/lib/tinyusb/src/class/cdc/cdc_device.c.o
                0x0000000010006afc                cdcd_deinit
 .text.cdcd_reset
                0x0000000010006b20       0x4c CMakeFiles/pico_env_monitor.dir/home/teranishi-yu/pico-sdk/lib/tinyusb/src/class/cdc/cdc_device.c.o
                0x0000000010006b20                cdcd_reset
 .text.cdcd_open
                0x0000000010006b6c       0xa8 CMakeFiles/pico_env_monitor.dir/home/teranishi-yu/pico-sdk/lib/tinyusb/src/class/cdc/cdc_device.c.o
                0x0000000010006b6c                cdcd_open
 .text.cdcd_control_xfer_cb
                0x0000000010006c14       0xe8 CMakeFiles/pico_env_monitor.dir/home/teranishi-yu/pico-sdk/lib/tinyusb/src/class/cdc/cdc_device.c.o
                0x0000000010006c14                cdcd_control_xfer_cb
 .text.cdcd_xfer_cb
                0x0000000010006cfc       0xfc CMakeFiles/pico_env_monitor.dir/home/teranishi-yu/pico-sdk/lib/tinyusb/src/class/cdc/cdc_device.c.o
                0x0000000010006cfc                cdcd_xfer_cb
 .text.vendord_init
                0x0000000010006df8       0x5c CMakeFiles/pico_env_monitor.dir/home/teranishi-yu/pico-sdk/lib/tinyusb/src/class/vendor/vendor_device.c.o
                0x0000000010006df8                vendord_init
 .text.vendord_deinit
                0x0000000010006e54       0x1c CMakeFiles/pico_env_monitor.dir/home/teranishi-yu/pico-sdk/lib/tinyusb/src/class/vendor/vendor_device.c.o
                0x0000000010006e54                vendord_deinit
 .text.vendord_reset
                0x0000000010006e70       0x28 CMakeFiles/pico_env_monitor.dir/home/teranishi-yu/pico-sdk/lib/tinyusb/src/class/vendor/vendor_device.c.o
                0x0000000010006e70                vendord_reset
 .text.vendord_open
                0x0000000010006e98      0x128 CMakeFiles/pico_env_monitor.dir/home/teranishi-yu/pico-sdk/lib/tinyusb/src/class/vendor/vendor_device.c.o
                0x0000000010006e98                vendord_open
 .text.vendord_xfer_cb
                0x0000000010006fc0       0x9c CMakeFiles/pico_env_monitor.dir/home/teranishi-yu/pico-sdk/lib/tinyusb/src/class/vendor/vendor_device.c.o
                0x0000000010006fc0                vendord_xfer_cb
 .text.tusb_rhport_init
                0x000000001000705c       0x48 CMakeFiles/pico_env_monitor.dir/home/teranishi-yu/pico-sdk/lib/tinyusb/src/tusb.c.o
                0x000000001000705c                tusb_rhport_init
 .text.tu_edpt_claim
                0x00000000100070a4       0x50 CMakeFiles/pico_env_monitor.dir/home/teranishi-yu/pico-sdk/lib/tinyusb/src/tusb.c.o
                0x00000000100070a4                tu_edpt_claim
 .text.tu_edpt_release
                0x00000000100070f4       0x38 CMakeFiles/pico_env_monitor.dir/home/teranishi-yu/pico-sdk/lib/tinyusb/src/tusb.c.o
                0x00000000100070f4                tu_edpt_release
 .text.tu_edpt_validate
                0x000000001000712c       0x78 CMakeFiles/pico_env_monitor.dir/home/teranishi-yu/pico-sdk/lib/tinyusb/src/tusb.c.o
                0x000000001000712c                tu_edpt_validate
 .text.tu_edpt_bind_driver
                0x00000000100071a4       0x34 CMakeFiles/pico_env_monitor.dir/home/teranishi-yu/pico-sdk/lib/tinyusb/src/tusb.c.o
                0x00000000100071a4                tu_edpt_bind_driver
 .text.tu_edpt_stream_init
                0x00000000100071d8       0x6c CMakeFiles/pico_env_monitor.dir/home/teranishi-yu/pico-sdk/lib/tinyusb/src/tusb.c.o
                0x00000000100071d8                tu_edpt_stream_init
 .text.tu_edpt_stream_deinit
                0x0000000010007244        0x4 CMakeFiles/pico_env_monitor.dir/home/teranishi-yu/pico-sdk/lib/tinyusb/src/tusb.c.o
                0x0000000010007244                tu_edpt_stream_deinit
 .text.tu_edpt_stream_write_zlp_if_needed
                0x0000000010007248       0x58 CMakeFiles/pico_env_monitor.dir/home/teranishi-yu/pico-sdk/lib/tinyusb/src/tusb.c.o
                0x0000000010007248                tu_edpt_stream_write_zlp_if_needed
 .text.tu_edpt_stream_write_xfer
                0x00000000100072a0       0x64 CMakeFiles/pico_env_monitor.dir/home/teranishi-yu/pico-sdk/lib/tinyusb/src/tusb.c.o
                0x00000000100072a0                tu_edpt_stream_write_xfer
 .text.tu_edpt_stream_read_xfer
                0x0000000010007304       0xdc CMakeFiles/pico_env_monitor.dir/home/teranishi-yu/pico-sdk/lib/tinyusb/src/tusb.c.o
                0x0000000010007304                tu_edpt_stream_read_xfer
 .text.tu_fifo_config
                0x00000000100073e0       0x70 CMakeFiles/pico_env_monitor.dir/home/teranishi-yu/pico-sdk/lib/tinyusb/src/common/tusb_fifo.c.o
                0x00000000100073e0                tu_fifo_config
 .text.tu_fifo_count
                0x0000000010007450       0x2c CMakeFiles/pico_env_monitor.dir/home/teranishi-yu/pico-sdk/lib/tinyusb/src/common/tusb_fifo.c.o
                0x0000000010007450                tu_fifo_count
 .text.tu_fifo_empty
                0x000000001000747c       0x10 CMakeFiles/pico_env_monitor.dir/home/teranishi-yu/pico-sdk/lib/tinyusb/src/common/tusb_fifo.c.o
                0x000000001000747c                tu_fifo_empty
 .text.tu_fifo_remaining
                0x000000001000748c       0x2c CMakeFiles/pico_env_monitor.dir/home/teranishi-yu/pico-sdk/lib/tinyusb/src/common/tusb_fifo.c.o
                0x000000001000748c                tu_fifo_remaining
 .text.tu_fifo_read
                0x00000000100074b8       0xa0 CMakeFiles/pico_env_monitor.dir/home/teranishi-yu/pico-sdk/lib/tinyusb/src/common/tusb_fifo.c.o
                0x00000000100074b8                tu_fifo_read
 .text.tu_fifo_read_n
                0x0000000010007558       0xec CMakeFiles/pico_env_monitor.dir/home/teranishi-yu/pico-sdk/lib/tinyusb/src/common/tusb_fifo.c.o
                0x0000000010007558                tu_fifo_read_n
 .text.tu_fifo_write
                0x0000000010007644       0x88 CMakeFiles/pico_env_monitor.dir/home/teranishi-yu/pico-sdk/lib/tinyusb/src/common/tusb_fifo.c.o
                0x0000000010007644                tu_fifo_write
 .text.tu_fifo_write_n
                0x00000000100076cc      0x168 CMakeFiles/pico_env_monitor.dir/home/teranishi-yu/pico-sdk/lib/tinyusb/src/common/tusb_fifo.c.o
                0x00000000100076cc                tu_fifo_write_n
 .text.tu_fifo_clear
                0x0000000010007834       0x40 CMakeFiles/pico_env_monitor.dir/home/teranishi-yu/pico-sdk/lib/tinyusb/src/common/tusb_fifo.c.o
                0x0000000010007834                tu_fifo_clear
 .text.tu_fifo_set_overwritable
                0x0000000010007874       0x48 CMakeFiles/pico_env_monitor.dir/home/teranishi-yu/pico-sdk/lib/tinyusb/src/common/tusb_fifo.c.o
                0x0000000010007874                tu_fifo_set_overwritable
 .text.core1_trampoline
                0x00000000100078bc        0x4 CMakeFiles/pico_env_monitor.dir/home/teranishi-yu/pico-sdk/src/rp2_common/pico_multicore/multicore.c.o
 .text.core1_wrapper
                0x00000000100078c0        0xc CMakeFiles/pico_env_monitor.dir/home/teranishi-yu/pico-sdk/src/rp2_common/pico_multicore/multicore.c.o
                0x00000000100078c0                core1_wrapper
 .text.multicore_launch_core1_raw
                0x00000000100078cc       0x84 CMakeFiles/pico_env_monitor.dir/home/teranishi-yu/pico-sdk/src/rp2_common/pico_multicore/multicore.c.o
                0x00000000100078cc                multicore_launch_core1_raw
 .text.multicore_launch_core1
                0x0000000010007950       0x4c CMakeFiles/pico_env_monitor.dir/home/teranishi-yu/pico-sdk/src/rp2_common/pico_multicore/multicore.c.o
                0x0000000010007950                multicore_launch_core1
 .text.pio_add_program
                0x000000001000799c       0xf4 CMakeFiles/pico_env_monitor.dir/home/teranishi-yu/pico-sdk/src/rp2_common/hardware_pio/pio.c.o
                0x000000001000799c                pio_add_program
 .text.pio_sm_set_pins_with_mask
                0x0000000010007a90       0xa4 CMakeFiles/pico_env_monitor.dir/home/teranishi-yu/pico-sdk/src/rp2_common/hardware_pio/pio.c.o
                0x0000000010007a90                pio_sm_set_pins_with_mask
 .text.pio_sm_set_pindirs_with_mask
                0x0000000010007b34       0xa4 CMakeFiles/pico_env_monitor.dir/home/teranishi-yu/pico-sdk/src/rp2_common/hardware_pio/pio.c.o
                0x0000000010007b34                pio_sm_set_pindirs_with_mask
 .text.pio_sm_set_pindirs_with_mask64
                0x0000000010007bd8       0xa4 CMakeFiles/pico_env_monitor.dir/home/teranishi-yu/pico-sdk/src/rp2_common/hardware_pio/pio.c.o
                0x0000000010007bd8                pio_sm_set_pindirs_with_mask64
 .text.pio_sm_set_consecutive_pindirs
                0x0000000010007c7c       0xbc CMakeFiles/pico_env_monitor.dir/home/teranishi-yu/pico-sdk/src/rp2_common/hardware_pio/pio.c.o
                0x0000000010007c7c                pio_sm_set_consecutive_pindirs
 .text.pio_sm_init
                0x0000000010007d38       0x94 CMakeFiles/pico_env_monitor.dir/home/teranishi-yu/pico-sdk/src/rp2_common/hardware_pio/pio.c.o
                0x0000000010007d38                pio_sm_init
 .text.pio_claim_free_sm_and_add_program_for_gpio_range
                0x0000000010007dcc      0x190 CMakeFiles/pico_env_monitor.dir/home/teranishi-yu/pico-sdk/src/rp2_common/hardware_pio/pio.c.o
                0x0000000010007dcc                pio_claim_free_sm_and_add_program_for_gpio_range
 .text.pio_remove_program_and_unclaim_sm
                0x0000000010007f5c       0x40 CMakeFiles/pico_env_monitor.dir/home/teranishi-yu/pico-sdk/src/rp2_common/hardware_pio/pio.c.o
                0x0000000010007f5c                pio_remove_program_and_unclaim_sm
 .text.lwip_timeout_reached
                0x0000000010007f9c        0x8 CMakeFiles/pico_env_monitor.dir/home/teranishi-yu/pico-sdk/src/rp2_common/pico_lwip/lwip_nosys.c.o
 .text.update_next_timeout
                0x0000000010007fa4       0x6c CMakeFiles/pico_env_monitor.dir/home/teranishi-yu/pico-sdk/src/rp2_common/pico_lwip/lwip_nosys.c.o
 .text.lwip_nosys_init
                0x0000000010008010       0x30 CMakeFiles/pico_env_monitor.dir/home/teranishi-yu/pico-sdk/src/rp2_common/pico_lwip/lwip_nosys.c.o
                0x0000000010008010                lwip_nosys_init
 .text.lwip_nosys_deinit
                0x0000000010008040       0x20 CMakeFiles/pico_env_monitor.dir/home/teranishi-yu/pico-sdk/src/rp2_common/pico_lwip/lwip_nosys.c.o
                0x0000000010008040                lwip_nosys_deinit
 .text.sys_arch_protect
                0x0000000010008060        0x4 CMakeFiles/pico_env_monitor.dir/home/teranishi-yu/pico-sdk/src/rp2_common/pico_lwip/lwip_nosys.c.o
                0x0000000010008060                sys_arch_protect
 .text.sys_arch_unprotect
                0x0000000010008064        0x4 CMakeFiles/pico_env_monitor.dir/home/teranishi-yu/pico-sdk/src/rp2_common/pico_lwip/lwip_nosys.c.o
                0x0000000010008064                sys_arch_unprotect
 .text.sys_now  0x0000000010008068       0x20 CMakeFiles/pico_env_monitor.dir/home/teranishi-yu/pico-sdk/src/rp2_common/pico_lwip/lwip_nosys.c.o
                0x0000000010008068                sys_now
 .text.async_context_base_add_at_time_worker
                0x0000000010008088       0x28 CMakeFiles/pico_env_monitor.dir/home/teranishi-yu/pico-sdk/src/rp2_common/pico_async_context/async_context_base.c.o
                0x0000000010008088                async_context_base_add_at_time_worker
 .text.async_context_base_remove_at_time_worker
                0x00000000100080b0       0x28 CMakeFiles/pico_env_monitor.dir/home/teranishi-yu/pico-sdk/src/rp2_common/pico_async_context/async_context_base.c.o
                0x00000000100080b0                async_context_base_remove_at_time_worker
 .text.async_context_base_add_when_pending_worker
                0x00000000100080d8       0x24 CMakeFiles/pico_env_monitor.dir/home/teranishi-yu/pico-sdk/src/rp2_common/pico_async_context/async_context_base.c.o
                0x00000000100080d8                async_context_base_add_when_pending_worker
 .text.async_context_base_remove_when_pending_worker
                0x00000000100080fc       0x28 CMakeFiles/pico_env_monitor.dir/home/teranishi-yu/pico-sdk/src/rp2_common/pico_async_context/async_context_base.c.o
                0x00000000100080fc                async_context_base_remove_when_pending_worker
 .text.async_context_base_execute_once
                0x0000000010008124       0xe8 CMakeFiles/pico_env_monitor.dir/home/teranishi-yu/pico-sdk/src/rp2_common/pico_async_context/async_context_base.c.o
                0x0000000010008124                async_context_base_execute_once
 .text.async_context_base_needs_servicing
                0x000000001000820c       0x54 CMakeFiles/pico_env_monitor.dir/home/teranishi-yu/pico-sdk/src/rp2_common/pico_async_context/async_context_base.c.o
                0x000000001000820c                async_context_base_needs_servicing
 .text.splitmix64
                0x0000000010008260       0x5c CMakeFiles/pico_env_monitor.dir/home/teranishi-yu/pico-sdk/src/rp2_common/pico_rand/rand.c.o
 .text.xoroshiro128ss
                0x00000000100082bc       0x90 CMakeFiles/pico_env_monitor.dir/home/teranishi-yu/pico-sdk/src/rp2_common/pico_rand/rand.c.o
 .text.get_rand_64
                0x000000001000834c      0x484 CMakeFiles/pico_env_monitor.dir/home/teranishi-yu/pico-sdk/src/rp2_common/pico_rand/rand.c.o
                0x000000001000834c                get_rand_64
 .text.get_rand_32
                0x00000000100087d0        0x8 CMakeFiles/pico_env_monitor.dir/home/teranishi-yu/pico-sdk/src/rp2_common/pico_rand/rand.c.o
                0x00000000100087d0                get_rand_32
 .text.lwip_init
                0x00000000100087d8       0x20 CMakeFiles/pico_env_monitor.dir/home/teranishi-yu/pico-sdk/lib/lwip/src/core/init.c.o
                0x00000000100087d8                lwip_init
 .text.lwip_htons
                0x00000000100087f8        0x8 CMakeFiles/pico_env_monitor.dir/home/teranishi-yu/pico-sdk/lib/lwip/src/core/def.c.o
                0x00000000100087f8                lwip_htons
 .text.lwip_htonl
                0x0000000010008800        0x4 CMakeFiles/pico_env_monitor.dir/home/teranishi-yu/pico-sdk/lib/lwip/src/core/def.c.o
                0x0000000010008800                lwip_htonl
 .text.lwip_standard_chksum
                0x0000000010008804       0x80 CMakeFiles/pico_env_monitor.dir/home/teranishi-yu/pico-sdk/lib/lwip/src/core/inet_chksum.c.o
                0x0000000010008804                lwip_standard_chksum
 .text.inet_chksum_pseudo
                0x0000000010008884       0xb4 CMakeFiles/pico_env_monitor.dir/home/teranishi-yu/pico-sdk/lib/lwip/src/core/inet_chksum.c.o
                0x0000000010008884                inet_chksum_pseudo
 .text.ip_chksum_pseudo
                0x0000000010008938       0x10 CMakeFiles/pico_env_monitor.dir/home/teranishi-yu/pico-sdk/lib/lwip/src/core/inet_chksum.c.o
                0x0000000010008938                ip_chksum_pseudo
 .text.inet_chksum
                0x0000000010008948       0x8c CMakeFiles/pico_env_monitor.dir/home/teranishi-yu/pico-sdk/lib/lwip/src/core/inet_chksum.c.o
                0x0000000010008948                inet_chksum
 .text.inet_chksum_pbuf
                0x00000000100089d4       0x6c CMakeFiles/pico_env_monitor.dir/home/teranishi-yu/pico-sdk/lib/lwip/src/core/inet_chksum.c.o
                0x00000000100089d4                inet_chksum_pbuf
 .text.mem_init
                0x0000000010008a40       0x48 CMakeFiles/pico_env_monitor.dir/home/teranishi-yu/pico-sdk/lib/lwip/src/core/mem.c.o
                0x0000000010008a40                mem_init
 .text.mem_free
                0x0000000010008a88      0x158 CMakeFiles/pico_env_monitor.dir/home/teranishi-yu/pico-sdk/lib/lwip/src/core/mem.c.o
                0x0000000010008a88                mem_free
 .text.mem_trim
                0x0000000010008be0      0x14c CMakeFiles/pico_env_monitor.dir/home/teranishi-yu/pico-sdk/lib/lwip/src/core/mem.c.o
                0x0000000010008be0                mem_trim
 .text.mem_malloc
                0x0000000010008d2c      0x174 CMakeFiles/pico_env_monitor.dir/home/teranishi-yu/pico-sdk/lib/lwip/src/core/mem.c.o
                0x0000000010008d2c                mem_malloc
 .text.memp_init
                0x0000000010008ea0       0x94 CMakeFiles/pico_env_monitor.dir/home/teranishi-yu/pico-sdk/lib/lwip/src/core/memp.c.o
                0x0000000010008ea0                memp_init
 .text.memp_malloc
                0x0000000010008f34       0x58 CMakeFiles/pico_env_monitor.dir/home/teranishi-yu/pico-sdk/lib/lwip/src/core/memp.c.o
                0x0000000010008f34                memp_malloc
 .text.memp_free
                0x0000000010008f8c       0x40 CMakeFiles/pico_env_monitor.dir/home/teranishi-yu/pico-sdk/lib/lwip/src/core/memp.c.o
                0x0000000010008f8c                memp_free
 .text.netif_null_output_ip4
                0x0000000010008fcc        0x8 CMakeFiles/pico_env_monitor.dir/home/teranishi-yu/pico-sdk/lib/lwip/src/core/netif.c.o
 .text.netif_init
                0x0000000010008fd4        0x4 CMakeFiles/pico_env_monitor.dir/home/teranishi-yu/pico-sdk/lib/lwip/src/core/netif.c.o
                0x0000000010008fd4                netif_init
 .text.netif_add
                0x0000000010008fd8      0x16c CMakeFiles/pico_env_monitor.dir/home/teranishi-yu/pico-sdk/lib/lwip/src/core/netif.c.o
                0x0000000010008fd8                netif_add
 .text.netif_set_addr
                0x0000000010009144       0xc8 CMakeFiles/pico_env_monitor.dir/home/teranishi-yu/pico-sdk/lib/lwip/src/core/netif.c.o
                0x0000000010009144                netif_set_addr
 .text.netif_remove
                0x000000001000920c       0x8c CMakeFiles/pico_env_monitor.dir/home/teranishi-yu/pico-sdk/lib/lwip/src/core/netif.c.o
                0x000000001000920c                netif_remove
 .text.netif_set_default
                0x0000000010009298        0xc CMakeFiles/pico_env_monitor.dir/home/teranishi-yu/pico-sdk/lib/lwip/src/core/netif.c.o
                0x0000000010009298                netif_set_default
 .text.netif_set_up
                0x00000000100092a4       0x20 CMakeFiles/pico_env_monitor.dir/home/teranishi-yu/pico-sdk/lib/lwip/src/core/netif.c.o
                0x00000000100092a4                netif_set_up
 .text.netif_set_link_up
                0x00000000100092c4       0x28 CMakeFiles/pico_env_monitor.dir/home/teranishi-yu/pico-sdk/lib/lwip/src/core/netif.c.o
                0x00000000100092c4                netif_set_link_up
 .text.netif_set_link_down
                0x00000000100092ec       0x28 CMakeFiles/pico_env_monitor.dir/home/teranishi-yu/pico-sdk/lib/lwip/src/core/netif.c.o
                0x00000000100092ec                netif_set_link_down
 .text.netif_get_by_index
                0x0000000010009314       0x2c CMakeFiles/pico_env_monitor.dir/home/teranishi-yu/pico-sdk/lib/lwip/src/core/netif.c.o
                0x0000000010009314                netif_get_by_index
 .text.pbuf_free.part.0
                0x0000000010009340       0xa4 CMakeFiles/pico_env_monitor.dir/home/teranishi-yu/pico-sdk/lib/lwip/src/core/pbuf.c.o
 .text.pbuf_free_ooseq
                0x00000000100093e4       0x34 CMakeFiles/pico_env_monitor.dir/home/teranishi-yu/pico-sdk/lib/lwip/src/core/pbuf.c.o
                0x00000000100093e4                pbuf_free_ooseq
 .text.pbuf_alloc
                0x0000000010009418      0x130 CMakeFiles/pico_env_monitor.dir/home/teranishi-yu/pico-sdk/lib/lwip/src/core/pbuf.c.o
                0x0000000010009418                pbuf_alloc
 .text.pbuf_alloced_custom
                0x0000000010009548       0x38 CMakeFiles/pico_env_monitor.dir/home/teranishi-yu/pico-sdk/lib/lwip/src/core/pbuf.c.o
                0x0000000010009548                pbuf_alloced_custom
 .text.pbuf_realloc
                0x0000000010009580       0x8c CMakeFiles/pico_env_monitor.dir/home/teranishi-yu/pico-sdk/lib/lwip/src/core/pbuf.c.o
                0x0000000010009580                pbuf_realloc
 .text.pbuf_add_header
                0x000000001000960c       0x54 CMakeFiles/pico_env_monitor.dir/home/teranishi-yu/pico-sdk/lib/lwip/src/core/pbuf.c.o
                0x000000001000960c                pbuf_add_header
 .text.pbuf_remove_header
                0x0000000010009660       0x44 CMakeFiles/pico_env_monitor.dir/home/teranishi-yu/pico-sdk/lib/lwip/src/core/pbuf.c.o
                0x0000000010009660                pbuf_remove_header
 .text.pbuf_header_force
                0x00000000100096a4       0x74 CMakeFiles/pico_env_monitor.dir/home/teranishi-yu/pico-sdk/lib/lwip/src/core/pbuf.c.o
                0x00000000100096a4                pbuf_header_force
 .text.pbuf_free
                0x0000000010009718       0x18 CMakeFiles/pico_env_monitor.dir/home/teranishi-yu/pico-sdk/lib/lwip/src/core/pbuf.c.o
                0x0000000010009718                pbuf_free
 .text.pbuf_clen
                0x0000000010009730       0x14 CMakeFiles/pico_env_monitor.dir/home/teranishi-yu/pico-sdk/lib/lwip/src/core/pbuf.c.o
                0x0000000010009730                pbuf_clen
 .text.pbuf_ref
                0x0000000010009744       0x28 CMakeFiles/pico_env_monitor.dir/home/teranishi-yu/pico-sdk/lib/lwip/src/core/pbuf.c.o
                0x0000000010009744                pbuf_ref
 .text.pbuf_cat
                0x000000001000976c       0x4c CMakeFiles/pico_env_monitor.dir/home/teranishi-yu/pico-sdk/lib/lwip/src/core/pbuf.c.o
                0x000000001000976c                pbuf_cat
 .text.pbuf_chain
                0x00000000100097b8       0x70 CMakeFiles/pico_env_monitor.dir/home/teranishi-yu/pico-sdk/lib/lwip/src/core/pbuf.c.o
                0x00000000100097b8                pbuf_chain
 .text.pbuf_copy_partial_pbuf
                0x0000000010009828      0x13c CMakeFiles/pico_env_monitor.dir/home/teranishi-yu/pico-sdk/lib/lwip/src/core/pbuf.c.o
                0x0000000010009828                pbuf_copy_partial_pbuf
 .text.pbuf_copy
                0x0000000010009964       0x18 CMakeFiles/pico_env_monitor.dir/home/teranishi-yu/pico-sdk/lib/lwip/src/core/pbuf.c.o
                0x0000000010009964                pbuf_copy
 .text.pbuf_copy_partial
                0x000000001000997c       0x70 CMakeFiles/pico_env_monitor.dir/home/teranishi-yu/pico-sdk/lib/lwip/src/core/pbuf.c.o
                0x000000001000997c                pbuf_copy_partial
 .text.pbuf_take
                0x00000000100099ec       0x78 CMakeFiles/pico_env_monitor.dir/home/teranishi-yu/pico-sdk/lib/lwip/src/core/pbuf.c.o
                0x00000000100099ec                pbuf_take
 .text.pbuf_clone
                0x0000000010009a64       0x30 CMakeFiles/pico_env_monitor.dir/home/teranishi-yu/pico-sdk/lib/lwip/src/core/pbuf.c.o
                0x0000000010009a64                pbuf_clone
 .text.stats_init
                0x0000000010009a94        0x4 CMakeFiles/pico_env_monitor.dir/home/teranishi-yu/pico-sdk/lib/lwip/src/core/stats.c.o
                0x0000000010009a94                stats_init
 .text.tcp_close_shutdown_fin
                0x0000000010009a98       0x58 CMakeFiles/pico_env_monitor.dir/home/teranishi-yu/pico-sdk/lib/lwip/src/core/tcp.c.o
 .text.tcp_pcb_purge.part.0
                0x0000000010009af0       0xc4 CMakeFiles/pico_env_monitor.dir/home/teranishi-yu/pico-sdk/lib/lwip/src/core/tcp.c.o
 .text.tcp_init
                0x0000000010009bb4       0x20 CMakeFiles/pico_env_monitor.dir/home/teranishi-yu/pico-sdk/lib/lwip/src/core/tcp.c.o
                0x0000000010009bb4                tcp_init
 .text.tcp_free
                0x0000000010009bd4       0x1c CMakeFiles/pico_env_monitor.dir/home/teranishi-yu/pico-sdk/lib/lwip/src/core/tcp.c.o
                0x0000000010009bd4                tcp_free
 .text.tcp_bind
                0x0000000010009bf0       0xf8 CMakeFiles/pico_env_monitor.dir/home/teranishi-yu/pico-sdk/lib/lwip/src/core/tcp.c.o
                0x0000000010009bf0                tcp_bind
 .text.tcp_listen_with_backlog
                0x0000000010009ce8       0x98 CMakeFiles/pico_env_monitor.dir/home/teranishi-yu/pico-sdk/lib/lwip/src/core/tcp.c.o
                0x0000000010009ce8                tcp_listen_with_backlog
 .text.tcp_update_rcv_ann_wnd
                0x0000000010009d80       0x5c CMakeFiles/pico_env_monitor.dir/home/teranishi-yu/pico-sdk/lib/lwip/src/core/tcp.c.o
                0x0000000010009d80                tcp_update_rcv_ann_wnd
 .text.tcp_recved
                0x0000000010009ddc       0x90 CMakeFiles/pico_env_monitor.dir/home/teranishi-yu/pico-sdk/lib/lwip/src/core/tcp.c.o
                0x0000000010009ddc                tcp_recved
 .text.tcp_slowtmr
                0x0000000010009e6c      0x4e0 CMakeFiles/pico_env_monitor.dir/home/teranishi-yu/pico-sdk/lib/lwip/src/core/tcp.c.o
                0x0000000010009e6c                tcp_slowtmr
 .text.tcp_segs_free
                0x000000001000a34c       0x38 CMakeFiles/pico_env_monitor.dir/home/teranishi-yu/pico-sdk/lib/lwip/src/core/tcp.c.o
                0x000000001000a34c                tcp_segs_free
 .text.tcp_seg_free
                0x000000001000a384       0x1c CMakeFiles/pico_env_monitor.dir/home/teranishi-yu/pico-sdk/lib/lwip/src/core/tcp.c.o
                0x000000001000a384                tcp_seg_free
 .text.tcp_seg_copy
                0x000000001000a3a0       0x2c CMakeFiles/pico_env_monitor.dir/home/teranishi-yu/pico-sdk/lib/lwip/src/core/tcp.c.o
                0x000000001000a3a0                tcp_seg_copy
 .text.tcp_recv
                0x000000001000a3cc       0x1c CMakeFiles/pico_env_monitor.dir/home/teranishi-yu/pico-sdk/lib/lwip/src/core/tcp.c.o
                0x000000001000a3cc                tcp_recv
 .text.tcp_accept
                0x000000001000a3e8       0x10 CMakeFiles/pico_env_monitor.dir/home/teranishi-yu/pico-sdk/lib/lwip/src/core/tcp.c.o
                0x000000001000a3e8                tcp_accept
 .text.tcp_pcb_purge
                0x000000001000a3f8       0x18 CMakeFiles/pico_env_monitor.dir/home/teranishi-yu/pico-sdk/lib/lwip/src/core/tcp.c.o
                0x000000001000a3f8                tcp_pcb_purge
 .text.tcp_pcb_remove
                0x000000001000a410       0xc8 CMakeFiles/pico_env_monitor.dir/home/teranishi-yu/pico-sdk/lib/lwip/src/core/tcp.c.o
                0x000000001000a410                tcp_pcb_remove
 .text.tcp_abandon
                0x000000001000a4d8      0x1ac CMakeFiles/pico_env_monitor.dir/home/teranishi-yu/pico-sdk/lib/lwip/src/core/tcp.c.o
                0x000000001000a4d8                tcp_abandon
 .text.tcp_abort
                0x000000001000a684        0xc CMakeFiles/pico_env_monitor.dir/home/teranishi-yu/pico-sdk/lib/lwip/src/core/tcp.c.o
                0x000000001000a684                tcp_abort
 .text.tcp_accept_null
                0x000000001000a690       0x20 CMakeFiles/pico_env_monitor.dir/home/teranishi-yu/pico-sdk/lib/lwip/src/core/tcp.c.o
 .text.tcp_alloc
                0x000000001000a6b0      0x1f4 CMakeFiles/pico_env_monitor.dir/home/teranishi-yu/pico-sdk/lib/lwip/src/core/tcp.c.o
                0x000000001000a6b0                tcp_alloc
 .text.tcp_new  0x000000001000a8a4      0x1d4 CMakeFiles/pico_env_monitor.dir/home/teranishi-yu/pico-sdk/lib/lwip/src/core/tcp.c.o
                0x000000001000a8a4                tcp_new
 .text.tcp_close_shutdown
                0x000000001000aa78      0x188 CMakeFiles/pico_env_monitor.dir/home/teranishi-yu/pico-sdk/lib/lwip/src/core/tcp.c.o
 .text.tcp_recv_null
                0x000000001000ac00       0xcc CMakeFiles/pico_env_monitor.dir/home/teranishi-yu/pico-sdk/lib/lwip/src/core/tcp.c.o
                0x000000001000ac00                tcp_recv_null
 .text.tcp_process_refused_data
                0x000000001000accc       0x74 CMakeFiles/pico_env_monitor.dir/home/teranishi-yu/pico-sdk/lib/lwip/src/core/tcp.c.o
                0x000000001000accc                tcp_process_refused_data
 .text.tcp_fasttmr
                0x000000001000ad40       0x98 CMakeFiles/pico_env_monitor.dir/home/teranishi-yu/pico-sdk/lib/lwip/src/core/tcp.c.o
                0x000000001000ad40                tcp_fasttmr
 .text.tcp_tmr  0x000000001000add8       0x20 CMakeFiles/pico_env_monitor.dir/home/teranishi-yu/pico-sdk/lib/lwip/src/core/tcp.c.o
                0x000000001000add8                tcp_tmr
 .text.tcp_close
                0x000000001000adf8      0x174 CMakeFiles/pico_env_monitor.dir/home/teranishi-yu/pico-sdk/lib/lwip/src/core/tcp.c.o
                0x000000001000adf8                tcp_close
 .text.tcp_next_iss
                0x000000001000af6c       0x28 CMakeFiles/pico_env_monitor.dir/home/teranishi-yu/pico-sdk/lib/lwip/src/core/tcp.c.o
                0x000000001000af6c                tcp_next_iss
 .text.tcp_eff_send_mss_netif
                0x000000001000af94       0x38 CMakeFiles/pico_env_monitor.dir/home/teranishi-yu/pico-sdk/lib/lwip/src/core/tcp.c.o
                0x000000001000af94                tcp_eff_send_mss_netif
 .text.tcp_netif_ip_addr_changed
                0x000000001000afcc       0x9c CMakeFiles/pico_env_monitor.dir/home/teranishi-yu/pico-sdk/lib/lwip/src/core/tcp.c.o
                0x000000001000afcc                tcp_netif_ip_addr_changed
 .text.tcp_free_ooseq
                0x000000001000b068       0x40 CMakeFiles/pico_env_monitor.dir/home/teranishi-yu/pico-sdk/lib/lwip/src/core/tcp.c.o
                0x000000001000b068                tcp_free_ooseq
 .text.tcp_parseopt
                0x000000001000b0a8      0x18c CMakeFiles/pico_env_monitor.dir/home/teranishi-yu/pico-sdk/lib/lwip/src/core/tcp_in.c.o
 .text.tcp_oos_insert_segment
                0x000000001000b234       0xe0 CMakeFiles/pico_env_monitor.dir/home/teranishi-yu/pico-sdk/lib/lwip/src/core/tcp_in.c.o
 .text.tcp_free_acked_segments.constprop.0
                0x000000001000b314       0xdc CMakeFiles/pico_env_monitor.dir/home/teranishi-yu/pico-sdk/lib/lwip/src/core/tcp_in.c.o
 .text.tcp_receive
                0x000000001000b3f0      0xa58 CMakeFiles/pico_env_monitor.dir/home/teranishi-yu/pico-sdk/lib/lwip/src/core/tcp_in.c.o
 .text.tcp_input
                0x000000001000be48      0xda0 CMakeFiles/pico_env_monitor.dir/home/teranishi-yu/pico-sdk/lib/lwip/src/core/tcp_in.c.o
                0x000000001000be48                tcp_input
 .text.tcp_trigger_input_pcb_close
                0x000000001000cbe8       0x10 CMakeFiles/pico_env_monitor.dir/home/teranishi-yu/pico-sdk/lib/lwip/src/core/tcp_in.c.o
                0x000000001000cbe8                tcp_trigger_input_pcb_close
 .text.tcp_pbuf_prealloc
                0x000000001000cbf8       0x84 CMakeFiles/pico_env_monitor.dir/home/teranishi-yu/pico-sdk/lib/lwip/src/core/tcp_out.c.o
 .text.tcp_create_segment
                0x000000001000cc7c       0xf8 CMakeFiles/pico_env_monitor.dir/home/teranishi-yu/pico-sdk/lib/lwip/src/core/tcp_out.c.o
 .text.tcp_output_control_segment
                0x000000001000cd74       0xc0 CMakeFiles/pico_env_monitor.dir/home/teranishi-yu/pico-sdk/lib/lwip/src/core/tcp_out.c.o
 .text.tcp_output_alloc_header.constprop.0
                0x000000001000ce34       0xcc CMakeFiles/pico_env_monitor.dir/home/teranishi-yu/pico-sdk/lib/lwip/src/core/tcp_out.c.o
 .text.tcp_write
                0x000000001000cf00      0x634 CMakeFiles/pico_env_monitor.dir/home/teranishi-yu/pico-sdk/lib/lwip/src/core/tcp_out.c.o
                0x000000001000cf00                tcp_write
 .text.tcp_split_unsent_seg
                0x000000001000d534      0x1c4 CMakeFiles/pico_env_monitor.dir/home/teranishi-yu/pico-sdk/lib/lwip/src/core/tcp_out.c.o
                0x000000001000d534                tcp_split_unsent_seg
 .text.tcp_send_fin
                0x000000001000d6f8      0x12c CMakeFiles/pico_env_monitor.dir/home/teranishi-yu/pico-sdk/lib/lwip/src/core/tcp_out.c.o
                0x000000001000d6f8                tcp_send_fin
 .text.tcp_enqueue_flags
                0x000000001000d824      0x124 CMakeFiles/pico_env_monitor.dir/home/teranishi-yu/pico-sdk/lib/lwip/src/core/tcp_out.c.o
                0x000000001000d824                tcp_enqueue_flags
 .text.tcp_rexmit_rto_prepare
                0x000000001000d948       0x9c CMakeFiles/pico_env_monitor.dir/home/teranishi-yu/pico-sdk/lib/lwip/src/core/tcp_out.c.o
                0x000000001000d948                tcp_rexmit_rto_prepare
 .text.tcp_rexmit
                0x000000001000d9e4       0x9c CMakeFiles/pico_env_monitor.dir/home/teranishi-yu/pico-sdk/lib/lwip/src/core/tcp_out.c.o
                0x000000001000d9e4                tcp_rexmit
 .text.tcp_rexmit_fast
                0x000000001000da80       0x64 CMakeFiles/pico_env_monitor.dir/home/teranishi-yu/pico-sdk/lib/lwip/src/core/tcp_out.c.o
                0x000000001000da80                tcp_rexmit_fast
 .text.tcp_rst  0x000000001000dae4       0xe8 CMakeFiles/pico_env_monitor.dir/home/teranishi-yu/pico-sdk/lib/lwip/src/core/tcp_out.c.o
                0x000000001000dae4                tcp_rst
 .text.tcp_rst_netif
                0x000000001000dbcc      0x130 CMakeFiles/pico_env_monitor.dir/home/teranishi-yu/pico-sdk/lib/lwip/src/core/tcp_out.c.o
                0x000000001000dbcc                tcp_rst_netif
 .text.tcp_send_empty_ack
                0x000000001000dcfc       0x54 CMakeFiles/pico_env_monitor.dir/home/teranishi-yu/pico-sdk/lib/lwip/src/core/tcp_out.c.o
                0x000000001000dcfc                tcp_send_empty_ack
 .text.tcp_output
                0x000000001000dd50      0x468 CMakeFiles/pico_env_monitor.dir/home/teranishi-yu/pico-sdk/lib/lwip/src/core/tcp_out.c.o
                0x000000001000dd50                tcp_output
 .text.tcp_rexmit_rto_commit
                0x000000001000e1b8       0x24 CMakeFiles/pico_env_monitor.dir/home/teranishi-yu/pico-sdk/lib/lwip/src/core/tcp_out.c.o
                0x000000001000e1b8                tcp_rexmit_rto_commit
 .text.tcp_rexmit_rto
                0x000000001000e1dc       0xa4 CMakeFiles/pico_env_monitor.dir/home/teranishi-yu/pico-sdk/lib/lwip/src/core/tcp_out.c.o
                0x000000001000e1dc                tcp_rexmit_rto
 .text.tcp_keepalive
                0x000000001000e280       0xe0 CMakeFiles/pico_env_monitor.dir/home/teranishi-yu/pico-sdk/lib/lwip/src/core/tcp_out.c.o
                0x000000001000e280                tcp_keepalive
 .text.tcp_zero_window_probe
                0x000000001000e360      0x108 CMakeFiles/pico_env_monitor.dir/home/teranishi-yu/pico-sdk/lib/lwip/src/core/tcp_out.c.o
                0x000000001000e360                tcp_zero_window_probe
 .text.sys_timeout_abs
                0x000000001000e468       0x48 CMakeFiles/pico_env_monitor.dir/home/teranishi-yu/pico-sdk/lib/lwip/src/core/timeouts.c.o
 .text.lwip_cyclic_timer
                0x000000001000e4b0       0x38 CMakeFiles/pico_env_monitor.dir/home/teranishi-yu/pico-sdk/lib/lwip/src/core/timeouts.c.o
 .text.tcpip_tcp_timer